 HELLO

 Timestamp is 3b7717a5 (Sun Aug 12 19:56:21 2001)

 Preferred load address is 00400000

 Start         Length     Name                   Class
 0001:00000000 0001abdeH .text                   CODE
 0001:0001abe0 000051e7H .text$AFX_AUX           CODE
 0001:0001fdd0 0000b26eH .text$AFX_CMNCTL        CODE
 0001:0002b040 000061eeH .text$AFX_COL1          CODE
 0001:00031230 000045a2H .text$AFX_COL2          CODE
 0001:000357e0 00013b27H .text$AFX_CORE1         CODE
 0001:00049310 0000cb7bH .text$AFX_CORE2         CODE
 0001:00055e90 000115beH .text$AFX_CORE3         CODE
 0001:00067450 0000ecc5H .text$AFX_CORE4         CODE
 0001:00076120 00004af1H .text$AFX_DBG1          CODE
 0001:0007ac20 0000cafbH .text$AFX_DBG2          CODE
 0001:00087720 00008541H .text$AFX_INIT          CODE
 0001:0008fc70 0000033dH .text$AFX_TERM          CODE
 0001:0008ffb0 0000240bH .text$x                 CODE
 0002:00000000 000009f0H .idata$5                DATA
 0002:000009f0 000076e8H .rdata                  DATA
 0002:000080d8 000025ecH .rdata$r                DATA
 0002:0000a6c8 00003d00H .xdata$x                DATA
 0002:0000e3c8 000000a0H .idata$2                DATA
 0002:0000e468 00000014H .idata$3                DATA
 0002:0000e47c 000009f0H .idata$4                DATA
 0002:0000ee6c 00002a32H .idata$6                DATA
 0002:0001189e 00000000H .edata                  DATA
 0003:00000000 00000004H .CRT$XCA                DATA
 0003:00000004 00000008H .CRT$XCC                DATA
 0003:0000000c 0000001cH .CRT$XCL                DATA
 0003:00000028 00000070H .CRT$XCU                DATA
 0003:00000098 00000004H .CRT$XCZ                DATA
 0003:0000009c 00000004H .CRT$XIA                DATA
 0003:000000a0 0000000cH .CRT$XIC                DATA
 0003:000000ac 00000004H .CRT$XIY                DATA
 0003:000000b0 00000004H .CRT$XIZ                DATA
 0003:000000b4 00000004H .CRT$XPA                DATA
 0003:000000b8 00000004H .CRT$XPX                DATA
 0003:000000bc 00000004H .CRT$XPZ                DATA
 0003:000000c0 00000004H .CRT$XTA                DATA
 0003:000000c4 00000004H .CRT$XTB                DATA
 0003:000000c8 00000004H .CRT$XTZ                DATA
 0003:000000d0 00007bc4H .data                   DATA
 0003:00007c98 0000380cH .bss                    DATA
 0004:00000000 00000220H .rsrc$01                DATA
 0004:00000220 000006a0H .rsrc$02                DATA

  Address         Publics by Value              Rva+Base     Lib:Object

 0001:0000003f       ??0CMainWindow@@QAE@XZ     0040103f f   hello.obj
 0001:000000a1       ?OnPaint@CMainWindow@@QAEXXZ 004010a1 f   hello.obj
 0001:00000170       ?OnAbout@CMainWindow@@QAEXXZ 00401170 f   hello.obj
 0001:000001c9       ?GetMessageMap@CMainWindow@@MBEPBUAFX_MSGMAP@@XZ 004011c9 f   hello.obj
 0001:000001d9       ?InitInstance@CTheApp@@UAEHXZ 004011d9 f   hello.obj
 0001:00000290       ??1CTheApp@@UAE@XZ         00401290 f i hello.obj
 0001:000002b0       ??0CTheApp@@QAE@XZ         004012b0 f i hello.obj
 0001:000002e0       ??_GCTheApp@@UAEPAXI@Z     004012e0 f i hello.obj
 0001:000002e0       ??_ECTheApp@@UAEPAXI@Z     004012e0 f i hello.obj
 0001:00000310       ??_ECMainWindow@@UAEPAXI@Z 00401310 f i hello.obj
 0001:00000310       ??_GCMainWindow@@UAEPAXI@Z 00401310 f i hello.obj
 0001:00000340       ??1CMainWindow@@UAE@XZ     00401340 f i hello.obj
 0001:00000360       __tcschr                   00401360 f i nafxcwd:winfrm.obj
 0001:00000380       ??0CPushRoutingFrame@@QAE@PAVCFrameWnd@@@Z 00401380 f i nafxcwd:winfrm.obj
 0001:000003c0       ??1CPushRoutingFrame@@QAE@XZ 004013c0 f i nafxcwd:winfrm.obj
 0001:000003e0       ??1CNoTrackObject@@UAE@XZ  004013e0 f i nafxcwd:appcore.obj
 0001:00000400       ??_ECNoTrackObject@@UAEPAXI@Z 00401400 f i nafxcwd:appcore.obj
 0001:00000400       ??_GCNoTrackObject@@UAEPAXI@Z 00401400 f i nafxcwd:appcore.obj
 0001:00000430       ?T2CA@@YAPBDPBD@Z          00401430 f i nafxcwd:appcore.obj
 0001:00000440       ?GetSize@CRecentFileList@@QBEHXZ 00401440 f i nafxcwd:appcore.obj
 0001:00000460       ??ACRecentFileList@@QAEAAVCString@@H@Z 00401460 f i nafxcwd:appcore.obj
 0001:000004b0       ?GetHead@CSimpleList@@QBEPAXXZ 004014b0 f i nafxcwd:thrdcore.obj
 0001:000004c0       ?IsEqualGUID@@YAHABU_GUID@@0@Z 004014c0 f i nafxcwd:cmdtarg.obj
 0001:000004e0       __tcscmp                   004014e0 f i nafxcwd:afxinl1.obj
 0001:00000500       __tcsicmp                  00401500 f i nafxcwd:afxinl1.obj
 0001:00000520       __tcscoll                  00401520 f i nafxcwd:afxinl1.obj
 0001:00000540       __tcsicoll                 00401540 f i nafxcwd:afxinl1.obj
 0001:00000560       _InitMultipleMonitorStubs  00401560 f   nafxcwd:wincore.obj
 0001:000006a9       _xGetSystemMetrics@4       004016a9 f   nafxcwd:wincore.obj
 0001:00000724       _xMonitorFromPoint@12      00401724 f   nafxcwd:wincore.obj
 0001:00000781       _xMonitorFromRect@8        00401781 f   nafxcwd:wincore.obj
 0001:000007e5       _xMonitorFromWindow@8      004017e5 f   nafxcwd:wincore.obj
 0001:00000864       _xGetMonitorInfo@8         00401864 f   nafxcwd:wincore.obj
 0001:0000093d       _xEnumDisplayMonitors@16   0040193d f   nafxcwd:wincore.obj
 0001:00000a70       ?LookupPermanent@CHandleMap@@QAEPAVCObject@@PAX@Z 00401a70 f i nafxcwd:wincore.obj
 0001:00000a90       ?LookupTemporary@CHandleMap@@QAEPAVCObject@@PAX@Z 00401a90 f i nafxcwd:wincore.obj
 0001:00000ab0       ?GetNextWindow@@YAPAUHWND__@@PAU1@I@Z 00401ab0 f i nafxcwd:wincore.obj
 0001:00000ad0       ?UnlockResource@@YGHPAX@Z  00401ad0 f i nafxcwd:wincore.obj
 0001:00000ae0       ?A2T@@YAPADPAD@Z           00401ae0 f i nafxcwd:wincore.obj
 0001:00000af0       ?data@CStringData@@QAEPADXZ 00401af0 f i nafxcwd:strcore.obj
 0001:00000b10       __tcspbrk                  00401b10 f i nafxcwd:strcore.obj
 0001:00000b30       __tcsupr                   00401b30 f i nafxcwd:strcore.obj
 0001:00000b50       __tcslwr                   00401b50 f i nafxcwd:strcore.obj
 0001:00000b70       __tcsrev                   00401b70 f i nafxcwd:strcore.obj
 0001:00000b90       ?DrawState@@YGHPAUHDC__@@PAUHBRUSH__@@P6GH0JIHH@ZJIHHHHI@Z 00401b90 f i nafxcwd:afxinl2.obj
 0001:00000bd0       ??_9@$BMM@AE               00401bd0 f i nafxcwd:dlgcore.obj
 0001:00000be0       ??_9@$BNA@AE               00401be0 f i nafxcwd:dlgcore.obj
 0001:00000bf0       ??0CSimpleList@@QAE@H@Z    00401bf0 f i nafxcwd:afxstate.obj
 0001:00000c20       ?Construct@CSimpleList@@QAEXH@Z 00401c20 f i nafxcwd:afxstate.obj
 0001:00000c60       ??0CTypeLibCache@@QAE@XZ   00401c60 f i nafxcwd:afxstate.obj
 0001:00000ca0       ?GetNextPtr@CSimpleList@@QBEPAPAXPAX@Z 00401ca0 f i nafxcwd:afxtls.obj
 0001:00000ce0       ??2CThreadSlotData@@SGPAXIPAX@Z 00401ce0 f i nafxcwd:afxtls.obj
 0001:00000cf0       __tcsinc                   00401cf0 f i nafxcwd:filelist.obj
 0001:00000d10       __tcsrchr                  00401d10 f i nafxcwd:doctempl.obj
 0001:00000d30       ??_GCHandleMap@@UAEPAXI@Z  00401d30 f i nafxcwd:winhand.obj
 0001:00000d30       ??_ECHandleMap@@UAEPAXI@Z  00401d30 f i nafxcwd:winhand.obj
 0001:00000d60       ??1CHandleMap@@UAE@XZ      00401d60 f i nafxcwd:winhand.obj
 0001:00000dd0       ??0AFX_CLASSINIT@@QAE@PAUCRuntimeClass@@@Z 00401dd0 f i nafxcwd:array_b.obj
 0001:00000df0       ?AtlA2WHelper@@YGPAGPAGPBDH@Z 00401df0 f i nafxcwd:filecore.obj
 0001:00000e10       ?AtlA2WHelper@@YGPAGPAGPBDHI@Z 00401e10 f i nafxcwd:filecore.obj
 0001:00000ea0       ?GetFileTitle@@YGFPBDPADG@Z 00401ea0 f i nafxcwd:filecore.obj
 0001:00000ec0       __tcsdec                   00401ec0 f i nafxcwd:docmgr.obj
 0001:00000ee0       __tcsstr                   00401ee0 f i nafxcwd:strex.obj
 0001:00000f00       __tcsspn                   00401f00 f i nafxcwd:strex.obj
 0001:00000f20       __tcscspn                  00401f20 f i nafxcwd:strex.obj
 0001:00000f40       __tcsncmp                  00401f40 f i nafxcwd:strex.obj
 0001:00000f60       __tclen                    00401f60 f i nafxcwd:strex.obj
 0001:00000f80       ??_9@$BOI@AE               00401f80 f i nafxcwd:viewcore.obj
 0001:00000f90       ??0CPushRoutingView@@QAE@PAVCView@@@Z 00401f90 f i nafxcwd:viewcore.obj
 0001:00000fd0       ??1CPushRoutingView@@QAE@XZ 00401fd0 f i nafxcwd:viewcore.obj
 0001:00000ff0       ??8@YAHABU_GUID@@0@Z       00401ff0 f i nafxcwd:arcstrm.obj
 0001:00001010       __onexit                   00402010 f   libcmtd:onexit.obj
 0001:000010d0       _atexit                    004020d0 f   libcmtd:onexit.obj
 0001:000010f0       ___onexitinit              004020f0 f   libcmtd:onexit.obj
 0001:00001140       ?_JumpToContinuation@@YGXPAXPAUEHRegistrationNode@@@Z 00402140 f   libcmtd:trnsctrl.obj
 0001:00001180       ?_CallMemberFunction0@@YGXPAX0@Z 00402180 f   libcmtd:trnsctrl.obj
 0001:00001190       ?_CallMemberFunction1@@YGXPAX00@Z 00402190 f   libcmtd:trnsctrl.obj
 0001:000011a0       ?_CallMemberFunction2@@YGXPAX00H@Z 004021a0 f   libcmtd:trnsctrl.obj
 0001:000011b0       ?_UnwindNestedFrames@@YGXPAUEHRegistrationNode@@PAUEHExceptionRecord@@@Z 004021b0 f   libcmtd:trnsctrl.obj
 0001:00001210       ___CxxFrameHandler         00402210 f   libcmtd:trnsctrl.obj
 0001:00001250       ___CxxLongjmpUnwind@4      00402250 f   libcmtd:trnsctrl.obj
 0001:00001280       ?_CallCatchBlock2@@YAPAXPAUEHRegistrationNode@@PBU_s_FuncInfo@@PAXHK@Z 00402280 f   libcmtd:trnsctrl.obj
 0001:00001330       ?_CallSETranslator@@YAHPAUEHExceptionRecord@@PAUEHRegistrationNode@@PAX2PBU_s_FuncInfo@@H1@Z 00402330 f   libcmtd:trnsctrl.obj
 0001:00001490       ?_GetRangeOfTrysToCheck@@YAPBU_s_TryBlockMapEntry@@PBU_s_FuncInfo@@HHPAI1@Z 00402490 f   libcmtd:trnsctrl.obj
 0001:00001520       __global_unwind2           00402520 f   libcmtd:exsup.obj
 0001:00001562       __local_unwind2            00402562 f   libcmtd:exsup.obj
 0001:000015ba       __NLG_Return2              004025ba f   libcmtd:exsup.obj
 0001:000015ca       __abnormal_termination     004025ca f   libcmtd:exsup.obj
 0001:000015ed       __NLG_Notify1              004025ed f   libcmtd:exsup.obj
 0001:000015f6       __NLG_Notify               004025f6 f   libcmtd:exsup.obj
 0001:00001609       __NLG_Dispatch             00402609 f   libcmtd:exsup.obj
 0001:00001610       _WinMainCRTStartup         00402610 f   libcmtd:wincrt0.obj
 0001:00001780       __amsg_exit                00402780 f   libcmtd:wincrt0.obj
 0001:000017e0       ??1type_info@@UAE@XZ       004027e0 f   libcmtd:typinfo.obj
 0001:00001820       ??_Gtype_info@@UAEPAXI@Z   00402820 f i libcmtd:typinfo.obj
 0001:00001820       ??_Etype_info@@UAEPAXI@Z   00402820 f i libcmtd:typinfo.obj
 0001:00001850       ??8type_info@@QBEHABV0@@Z  00402850 f   libcmtd:typinfo.obj
 0001:00001880       ??9type_info@@QBEHABV0@@Z  00402880 f   libcmtd:typinfo.obj
 0001:000018b0       ?before@type_info@@QBEHABV1@@Z 004028b0 f   libcmtd:typinfo.obj
 0001:000018e0       ?raw_name@type_info@@QBEPBDXZ 004028e0 f   libcmtd:typinfo.obj
 0001:00001900       ??0type_info@@AAE@ABV0@@Z  00402900 f   libcmtd:typinfo.obj
 0001:00001920       ??4type_info@@AAEAAV0@ABV0@@Z 00402920 f   libcmtd:typinfo.obj
 0001:00001930       _memset                    00402930 f   libcmtd:memset.obj
 0001:00001990       __mbschr                   00402990 f   libcmtd:mbschr.obj
 0001:00001a80       __strdup                   00402a80 f   libcmtd:strdup.obj
 0001:00001ad0       __cinit                    00402ad0 f   libcmtd:crt0dat.obj
 0001:00001b10       _exit                      00402b10 f   libcmtd:crt0dat.obj
 0001:00001b30       __exit                     00402b30 f   libcmtd:crt0dat.obj
 0001:00001b50       __cexit                    00402b50 f   libcmtd:crt0dat.obj
 0001:00001b70       __c_exit                   00402b70 f   libcmtd:crt0dat.obj
 0001:00001c80       __lockexit                 00402c80 f   libcmtd:crt0dat.obj
 0001:00001c90       __unlockexit               00402c90 f   libcmtd:crt0dat.obj
 0001:00001cd0       _malloc                    00402cd0 f   libcmtd:dbgheap.obj
 0001:00001cf0       __malloc_dbg               00402cf0 f   libcmtd:dbgheap.obj
 0001:00001d20       __nh_malloc                00402d20 f   libcmtd:dbgheap.obj
 0001:00001d40       __nh_malloc_dbg            00402d40 f   libcmtd:dbgheap.obj
 0001:00001da0       __heap_alloc               00402da0 f   libcmtd:dbgheap.obj
 0001:00001dc0       __heap_alloc_dbg           00402dc0 f   libcmtd:dbgheap.obj
 0001:000020e0       _calloc                    004030e0 f   libcmtd:dbgheap.obj
 0001:00002100       __calloc_dbg               00403100 f   libcmtd:dbgheap.obj
 0001:00002160       _realloc                   00403160 f   libcmtd:dbgheap.obj
 0001:00002180       __realloc_dbg              00403180 f   libcmtd:dbgheap.obj
 0001:000026e0       __expand                   004036e0 f   libcmtd:dbgheap.obj
 0001:00002700       __expand_dbg               00403700 f   libcmtd:dbgheap.obj
 0001:00002740       _free                      00403740 f   libcmtd:dbgheap.obj
 0001:00002760       __free_lk                  00403760 f   libcmtd:dbgheap.obj
 0001:00002780       __free_dbg                 00403780 f   libcmtd:dbgheap.obj
 0001:000027b0       __free_dbg_lk              004037b0 f   libcmtd:dbgheap.obj
 0001:00002ba0       __msize                    00403ba0 f   libcmtd:dbgheap.obj
 0001:00002bc0       __msize_dbg                00403bc0 f   libcmtd:dbgheap.obj
 0001:00002d20       __CrtSetBreakAlloc         00403d20 f   libcmtd:dbgheap.obj
 0001:00002d40       __CrtSetDbgBlockType       00403d40 f   libcmtd:dbgheap.obj
 0001:00002de0       __CrtSetAllocHook          00403de0 f   libcmtd:dbgheap.obj
 0001:00002e90       __CrtCheckMemory           00403e90 f   libcmtd:dbgheap.obj
 0001:00003200       __CrtSetDbgFlag            00404200 f   libcmtd:dbgheap.obj
 0001:00003230       __CrtDoForAllClientObjects 00404230 f   libcmtd:dbgheap.obj
 0001:000032a0       __CrtIsValidPointer        004042a0 f   libcmtd:dbgheap.obj
 0001:000032f0       __CrtIsValidHeapPointer    004042f0 f   libcmtd:dbgheap.obj
 0001:00003380       __CrtIsMemoryBlock         00404380 f   libcmtd:dbgheap.obj
 0001:00003470       __CrtSetDumpClient         00404470 f   libcmtd:dbgheap.obj
 0001:00003490       __CrtMemCheckpoint         00404490 f   libcmtd:dbgheap.obj
 0001:00003600       __CrtMemDifference         00404600 f   libcmtd:dbgheap.obj
 0001:00003730       __CrtMemDumpAllObjectsSince 00404730 f   libcmtd:dbgheap.obj
 0001:00003b10       __CrtDumpMemoryLeaks       00404b10 f   libcmtd:dbgheap.obj
 0001:00003b90       __CrtMemDumpStatistics     00404b90 f   libcmtd:dbgheap.obj
 0001:00003c60       __beginthreadex            00404c60 f   libcmtd:threadex.obj
 0001:00003df0       __endthreadex              00404df0 f   libcmtd:threadex.obj
 0001:00003e40       _memcmp                    00404e40 f   libcmtd:memcmp.obj
 0001:00003ef0       __mbscmp                   00404ef0 f   libcmtd:mbscmp.obj
 0001:00004060       __mbsicmp                  00405060 f   libcmtd:mbsicmp.obj
 0001:00004300       __mbscoll                  00405300 f   libcmtd:mbscoll.obj
 0001:00004340       __mbsicoll                 00405340 f   libcmtd:mbsicoll.obj
 0001:00004380       __CxxThrowException@8      00405380 f   libcmtd:throw.obj
 0001:000043d0       _abs                       004053d0 f   libcmtd:abs.obj
 0001:00004400       _memcpy                    00405400 f   libcmtd:memcpy.obj
 0001:00004740       _wcslen                    00405740 f   libcmtd:wcslen.obj
 0001:00004770       __mbspbrk                  00405770 f   libcmtd:mbspbrk.obj
 0001:000048b0       __mbsupr                   004058b0 f   libcmtd:mbsupr.obj
 0001:000049b0       __mbslwr                   004059b0 f   libcmtd:mbslwr.obj
 0001:00004ab0       __mbsrev                   00405ab0 f   libcmtd:mbsrev.obj
 0001:00004ba0       __fpmath                   00405ba0 f   libcmtd:fpinit.obj
 0001:00004bd0       __fpclear                  00405bd0 f   libcmtd:fpinit.obj
 0001:00004be0       __cfltcvt_init             00405be0 f   libcmtd:fpinit.obj
 0001:00004c30       ___setfflag                00405c30 f   libcmtd:fpinit.obj
 0001:00004c50       __vsnprintf                00405c50 f   libcmtd:vsnprint.obj
 0001:00004d50       __CrtDbgBreak              00405d50 f   libcmtd:dbgrpt.obj
 0001:00004d60       __CrtSetReportMode         00405d60 f   libcmtd:dbgrpt.obj
 0001:00004dc0       __CrtSetReportFile         00405dc0 f   libcmtd:dbgrpt.obj
 0001:00004e40       __CrtSetReportHook         00405e40 f   libcmtd:dbgrpt.obj
 0001:00004e60       __CrtDbgReport             00405e60 f   libcmtd:dbgrpt.obj
 0001:00005500       _atol                      00406500 f   libcmtd:atox.obj
 0001:00005600       _atoi                      00406600 f   libcmtd:atox.obj
 0001:00005620       __atoi64                   00406620 f   libcmtd:atox.obj
 0001:00005750       __alloca_probe             00406750 f   libcmtd:chkstk.obj
 0001:00005750       __chkstk                   00406750 f   libcmtd:chkstk.obj
 0001:00005780       ??_L@YGXPAXIHP6EX0@Z1@Z    00406780 f   libcmtd:ehvecctr.obj
 0001:00005820       ??_M@YGXPAXIHP6EX0@Z@Z     00406820 f   libcmtd:ehvecdtr.obj
 0001:000058d0       ?__ArrayUnwind@@YGXPAXIHP6EX0@Z@Z 004068d0 f   libcmtd:ehvecdtr.obj
 0001:00005980       __mbsinc                   00406980 f   libcmtd:mbsinc.obj
 0001:000059b0       __setmbcp                  004069b0 f   libcmtd:mbctype.obj
 0001:00006170       __getmbcp                  00407170 f   libcmtd:mbctype.obj
 0001:00006190       ___initmbctable            00407190 f   libcmtd:mbctype.obj
 0001:000061c0       __purecall                 004071c0 f   libcmtd:purevirt.obj
 0001:000061d0       __mbsrchr                  004071d0 f   libcmtd:mbsrchr.obj
 0001:000062a8       __except_handler3          004072a8 f   libcmtd:exsup3.obj
 0001:00006365       __seh_longjmp_unwind@4     00407365 f   libcmtd:exsup3.obj
 0001:00006380       __dosmaperr                00407380 f   libcmtd:dosmap.obj
 0001:00006420       __errno                    00407420 f   libcmtd:dosmap.obj
 0001:00006430       ___doserrno                00407430 f   libcmtd:dosmap.obj
 0001:00006440       _mktime                    00407440 f   libcmtd:mktime.obj
 0001:00006460       __mkgmtime                 00407460 f   libcmtd:mktime.obj
 0001:00006790       _time                      00407790 f   libcmtd:time.obj
 0001:00006920       _gmtime                    00407920 f   libcmtd:gmtime.obj
 0001:00006b20       _localtime                 00407b20 f   libcmtd:localtim.obj
 0001:00006d80       _ctime                     00407d80 f   libcmtd:ctime.obj
 0001:00006db0       __Getdays                  00407db0 f   libcmtd:strftime.obj
 0001:00006ee0       __Getmonths                00407ee0 f   libcmtd:strftime.obj
 0001:00007010       __Gettnames                00408010 f   libcmtd:strftime.obj
 0001:00007380       _strftime                  00408380 f   libcmtd:strftime.obj
 0001:000073a0       __Strftime                 004083a0 f   libcmtd:strftime.obj
 0001:00008220       _memmove                   00409220 f   libcmtd:memmove.obj
 0001:00008560       __mbsdec                   00409560 f   libcmtd:mbsdec.obj
 0001:00008610       __mbsstr                   00409610 f   libcmtd:mbsstr.obj
 0001:000086f0       __mbsspn                   004096f0 f   libcmtd:mbsspn.obj
 0001:00008820       __mbscspn                  00409820 f   libcmtd:mbscspn.obj
 0001:00008950       _vsprintf                  00409950 f   libcmtd:vsprintf.obj
 0001:00008a50       _strlen                    00409a50 f   libcmtd:strlen.obj
 0001:00008ad0       _sprintf                   00409ad0 f   libcmtd:sprintf.obj
 0001:00008bd0       __ismbcdigit               00409bd0 f   libcmtd:ismbdgt.obj
 0001:00008cb0       __mbsnbcmp                 00409cb0 f   libcmtd:mbsnbcmp.obj
 0001:00008ea0       __mbclen                   00409ea0 f   libcmtd:mbclen.obj
 0001:00008ed0       __ismbcspace               00409ed0 f   libcmtd:ismbspc.obj
 0001:00008fb0       _strtol                    00409fb0 f   libcmtd:strtol.obj
 0001:00009310       _strtoul                   0040a310 f   libcmtd:strtol.obj
 0001:00009330       ___InternalCxxFrameHandler 0040a330 f   libcmtd:frame.obj
 0001:000098a0       ___FrameUnwindToState      0040a8a0 f   libcmtd:frame.obj
 0001:00009eb0       ?_DestructExceptionObject@@YAXPAUEHExceptionRecord@@E@Z 0040aeb0 f   libcmtd:frame.obj
 0001:00009f90       __CallSettingFrame@12      0040af90 f   libcmtd:lowhelpr.obj
 0001:00009fb7       __NLG_Return               0040afb7 f   libcmtd:lowhelpr.obj
 0001:00009fe0       __mtinit                   0040afe0 f   libcmtd:tidtable.obj
 0001:0000a070       __mtterm                   0040b070 f   libcmtd:tidtable.obj
 0001:0000a0a0       __initptd                  0040b0a0 f   libcmtd:tidtable.obj
 0001:0000a0c0       __getptd                   0040b0c0 f   libcmtd:tidtable.obj
 0001:0000a160       __freeptd                  0040b160 f   libcmtd:tidtable.obj
 0001:0000a270       ___threadid                0040b270 f   libcmtd:tidtable.obj
 0001:0000a280       ___threadhandle            0040b280 f   libcmtd:tidtable.obj
 0001:0000a290       ?terminate@@YAXXZ          0040b290 f   libcmtd:hooks.obj
 0001:0000a320       ?unexpected@@YAXXZ         0040b320 f   libcmtd:hooks.obj
 0001:0000a340       ?_inconsistency@@YAXXZ     0040b340 f   libcmtd:hooks.obj
 0001:0000a3d0       __XcptFilter               0040b3d0 f   libcmtd:winxfltr.obj
 0001:0000a5f0       __wincmdln                 0040b5f0 f   libcmtd:wincmdln.obj
 0001:0000a6b0       __setenvp                  0040b6b0 f   libcmtd:stdenvp.obj
 0001:0000a800       __setargv                  0040b800 f   libcmtd:stdargv.obj
 0001:0000ad10       ___crtGetEnvironmentStringsA 0040bd10 f   libcmtd:a_env.obj
 0001:0000af30       __ioinit                   0040bf30 f   libcmtd:ioinit.obj
 0001:0000b260       __ioterm                   0040c260 f   libcmtd:ioinit.obj
 0001:0000b300       __heap_init                0040c300 f   libcmtd:heapinit.obj
 0001:0000b350       __heap_term                0040c350 f   libcmtd:heapinit.obj
 0001:0000b3f0       __FF_MSGBANNER             0040c3f0 f   libcmtd:crt0msg.obj
 0001:0000b440       __NMSG_WRITE               0040c440 f   libcmtd:crt0msg.obj
 0001:0000b600       __GET_RTERRMSG             0040c600 f   libcmtd:crt0msg.obj
 0001:0000b650       __mtinitlocks              0040c650 f   libcmtd:mlock.obj
 0001:0000b690       __mtdeletelocks            0040c690 f   libcmtd:mlock.obj
 0001:0000b730       __lock                     0040c730 f   libcmtd:mlock.obj
 0001:0000b7d0       __unlock                   0040c7d0 f   libcmtd:mlock.obj
 0001:0000b7f0       __lockerr_exit             0040c7f0 f   libcmtd:mlock.obj
 0001:0000b810       __free_base                0040c810 f   libcmtd:free.obj
 0001:0000b880       _strcmp                    0040c880 f   libcmtd:strcmp.obj
 0001:0000b920       _strchr                    0040c920 f   libcmtd:strchr.obj
 0001:0000b926       ___from_strstr_to_strchr   0040c926 f   libcmtd:strchr.obj
 0001:0000b9e0       _strcpy                    0040c9e0 f   libcmtd:strcat.obj
 0001:0000b9f0       _strcat                    0040c9f0 f   libcmtd:strcat.obj
 0001:0000bad0       ?_set_new_handler@@YAP6AHI@ZP6AHI@Z@Z 0040cad0 f   libcmtd:handler.obj
 0001:0000bb00       ?_query_new_handler@@YAP6AHI@ZXZ 0040cb00 f   libcmtd:handler.obj
 0001:0000bb10       __callnewh                 0040cb10 f   libcmtd:handler.obj
 0001:0000bb40       __malloc_base              0040cb40 f   libcmtd:malloc.obj
 0001:0000bb60       __nh_malloc_base           0040cb60 f   libcmtd:malloc.obj
 0001:0000bbc0       __heap_alloc_base          0040cbc0 f   libcmtd:malloc.obj
 0001:0000bc30       __CrtDefaultAllocHook      0040cc30 f   libcmtd:dbghook.obj
 0001:0000bc40       __expand_base              0040cc40 f   libcmtd:expand.obj
 0001:0000bcf0       __realloc_base             0040ccf0 f   libcmtd:realloc.obj
 0001:0000bee0       __heapchk                  0040cee0 f   libcmtd:heapchk.obj
 0001:0000bf60       __heapset                  0040cf60 f   libcmtd:heapchk.obj
 0001:0000bf70       __get_sbh_threshold        0040cf70 f   libcmtd:sbheap.obj
 0001:0000bf80       __set_sbh_threshold        0040cf80 f   libcmtd:sbheap.obj
 0001:0000bfa0       ___sbh_heap_init           0040cfa0 f   libcmtd:sbheap.obj
 0001:0000c000       ___sbh_find_block          0040d000 f   libcmtd:sbheap.obj
 0001:0000c060       ___sbh_verify_block        0040d060 f   libcmtd:sbheap.obj
 0001:0000c0c0       ___sbh_free_block          0040d0c0 f   libcmtd:sbheap.obj
 0001:0000c690       ___sbh_alloc_block         0040d690 f   libcmtd:sbheap.obj
 0001:0000cbd0       ___sbh_alloc_new_region    0040dbd0 f   libcmtd:sbheap.obj
 0001:0000cce0       ___sbh_alloc_new_group     0040dce0 f   libcmtd:sbheap.obj
 0001:0000ced0       ___sbh_resize_block        0040ded0 f   libcmtd:sbheap.obj
 0001:0000d4c0       ___sbh_heapmin             0040e4c0 f   libcmtd:sbheap.obj
 0001:0000d5f0       ___sbh_heap_check          0040e5f0 f   libcmtd:sbheap.obj
 0001:0000dc10       __isctype                  0040ec10 f   libcmtd:isctype.obj
 0001:0000dcd0       ___crtLCMapStringA         0040ecd0 f   libcmtd:a_map.obj
 0001:0000e030       __stricmp                  0040f030 f   libcmtd:stricmp.obj
 0001:0000e030       __strcmpi                  0040f030 f   libcmtd:stricmp.obj
 0001:0000e100       ___crtCompareStringA       0040f100 f   libcmtd:a_cmp.obj
 0001:0000e550       ?__CxxUnhandledExceptionFilter@@YGJPAU_EXCEPTION_POINTERS@@@Z 0040f550 f   libcmtd:unhandld.obj
 0001:0000e5b0       ?__CxxSetUnhandledExceptionFilter@@YAXXZ 0040f5b0 f   libcmtd:unhandld.obj
 0001:0000e5d0       ?__CxxRestoreUnhandledExceptionFilter@@YAXXZ 0040f5d0 f   libcmtd:unhandld.obj
 0001:0000e5f0       _strpbrk                   0040f5f0 f   libcmtd:strpbrk.obj
 0001:0000e630       __strrev                   0040f630 f   libcmtd:strrev.obj
 0001:0000e660       __setdefaultprecision      0040f660 f   libcmtd:fp8.obj
 0001:0000e680       __ms_p5_test_fdiv          0040f680 f   libcmtd:testfdiv.obj
 0001:0000e6e0       __ms_p5_mp_test_fdiv       0040f6e0 f   libcmtd:testfdiv.obj
 0001:0000e730       __forcdecpt                0040f730 f   libcmtd:cvt.obj
 0001:0000e7e0       __cropzeros                0040f7e0 f   libcmtd:cvt.obj
 0001:0000e8c0       __positive                 0040f8c0 f   libcmtd:cvt.obj
 0001:0000e8f0       __fassign                  0040f8f0 f   libcmtd:cvt.obj
 0001:0000e940       __cftoe                    0040f940 f   libcmtd:cvt.obj
 0001:0000eb30       __cftof                    0040fb30 f   libcmtd:cvt.obj
 0001:0000ece0       __cftog                    0040fce0 f   libcmtd:cvt.obj
 0001:0000edd0       __cfltcvt                  0040fdd0 f   libcmtd:cvt.obj
 0001:0000ee60       __flsbuf                   0040fe60 f   libcmtd:_flsbuf.obj
 0001:0000f0e0       __output                   004100e0 f   libcmtd:output.obj
 0001:0000ff80       __itoa                     00410f80 f   libcmtd:xtoa.obj
 0001:000100a0       __ltoa                     004110a0 f   libcmtd:xtoa.obj
 0001:000100e0       __ultoa                    004110e0 f   libcmtd:xtoa.obj
 0001:00010100       __i64toa                   00411100 f   libcmtd:xtoa.obj
 0001:00010250       __ui64toa                  00411250 f   libcmtd:xtoa.obj
 0001:00010270       __snprintf                 00411270 f   libcmtd:snprintf.obj
 0001:00010370       _signal                    00411370 f   libcmtd:winsig.obj
 0001:00010640       _raise                     00411640 f   libcmtd:winsig.obj
 0001:000108e0       ___fpecode                 004118e0 f   libcmtd:winsig.obj
 0001:000108f0       ___pxcptinfoptrs           004118f0 f   libcmtd:winsig.obj
 0001:00010900       ___crtMessageBoxA          00411900 f   libcmtd:crtmbox.obj
 0001:000109c0       _strncpy                   004119c0 f   libcmtd:strncpy.obj
 0001:00010ac0       __allmul                   00411ac0 f   libcmtd:llmul.obj
 0001:00010b00       ___crtGetStringTypeA       00411b00 f   libcmtd:a_str.obj
 0001:00010cc0       _strrchr                   00411cc0 f   libcmtd:strrchr.obj
 0001:00010cf0       ___tzset                   00411cf0 f   libcmtd:tzset.obj
 0001:00010d30       __tzset                    00411d30 f   libcmtd:tzset.obj
 0001:00011100       __isindst                  00412100 f   libcmtd:tzset.obj
 0001:00011630       ___loctotime_t             00412630 f   libcmtd:dtoxtime.obj
 0001:00011720       _asctime                   00412720 f   libcmtd:asctime.obj
 0001:00011920       _setlocale                 00412920 f   libcmtd:setlocal.obj
 0001:00011fb0       __expandlocale             00412fb0 f   libcmtd:setlocal.obj
 0001:00012140       ___init_dummy              00413140 f   libcmtd:setlocal.obj
 0001:00012150       __strcats                  00413150 f   libcmtd:setlocal.obj
 0001:000121a0       ___lc_strtolc              004131a0 f   libcmtd:setlocal.obj
 0001:00012300       ___lc_lctostr              00413300 f   libcmtd:setlocal.obj
 0001:00012370       _strstr                    00413370 f   libcmtd:strstr.obj
 0001:000123f0       _strspn                    004133f0 f   libcmtd:strspn.obj
 0001:00012430       _strcspn                   00413430 f   libcmtd:strcspn.obj
 0001:00012470       _strncmp                   00413470 f   libcmtd:strncmp.obj
 0001:000124b0       __toupper                  004134b0 f   libcmtd:toupper.obj
 0001:000124c0       _toupper                   004134c0 f   libcmtd:toupper.obj
 0001:00012560       __toupper_lk               00413560 f   libcmtd:toupper.obj
 0001:00012690       ?_ValidateRead@@YAHPBXI@Z  00413690 f   libcmtd:validate.obj
 0001:000126c0       ?_ValidateWrite@@YAHPAXI@Z 004136c0 f   libcmtd:validate.obj
 0001:000126f0       ?_ValidateExecute@@YAHP6GHXZ@Z 004136f0 f   libcmtd:validate.obj
 0001:00012720       _abort                     00413720 f   libcmtd:abort.obj
 0001:00012740       __ismbbkalnum              00413740 f   libcmtd:ismbbyte.obj
 0001:00012760       __ismbbkprint              00413760 f   libcmtd:ismbbyte.obj
 0001:00012780       __ismbbkpunct              00413780 f   libcmtd:ismbbyte.obj
 0001:000127a0       __ismbbalnum               004137a0 f   libcmtd:ismbbyte.obj
 0001:000127c0       __ismbbalpha               004137c0 f   libcmtd:ismbbyte.obj
 0001:000127e0       __ismbbgraph               004137e0 f   libcmtd:ismbbyte.obj
 0001:00012800       __ismbbprint               00413800 f   libcmtd:ismbbyte.obj
 0001:00012820       __ismbbpunct               00413820 f   libcmtd:ismbbyte.obj
 0001:00012840       __ismbblead                00413840 f   libcmtd:ismbbyte.obj
 0001:00012860       __ismbbtrail               00413860 f   libcmtd:ismbbyte.obj
 0001:00012880       __ismbbkana                00413880 f   libcmtd:ismbbyte.obj
 0001:00012930       __tolower                  00413930 f   libcmtd:tolower.obj
 0001:00012940       _tolower                   00413940 f   libcmtd:tolower.obj
 0001:000129e0       __tolower_lk               004139e0 f   libcmtd:tolower.obj
 0001:00012b10       __statusfp                 00413b10 f   libcmtd:ieee87.obj
 0001:00012b30       __clearfp                  00413b30 f   libcmtd:ieee87.obj
 0001:00012b50       __control87                00413b50 f   libcmtd:ieee87.obj
 0001:00012ba0       __controlfp                00413ba0 f   libcmtd:ieee87.obj
 0001:00012bc0       __fpreset                  00413bc0 f   libcmtd:ieee87.obj
 0001:00012fb0       __ZeroTail                 00413fb0 f   libcmtd:intrncvt.obj
 0001:00013040       __IncMan                   00414040 f   libcmtd:intrncvt.obj
 0001:000130f0       __RoundMan                 004140f0 f   libcmtd:intrncvt.obj
 0001:000131d0       __CopyMan                  004141d0 f   libcmtd:intrncvt.obj
 0001:00013220       __FillZeroMan              00414220 f   libcmtd:intrncvt.obj
 0001:00013250       __IsZeroMan                00414250 f   libcmtd:intrncvt.obj
 0001:00013290       __ShrMan                   00414290 f   libcmtd:intrncvt.obj
 0001:00013380       __ld12cvt                  00414380 f   libcmtd:intrncvt.obj
 0001:000135d0       __ld12tod                  004145d0 f   libcmtd:intrncvt.obj
 0001:000135f0       __ld12tof                  004145f0 f   libcmtd:intrncvt.obj
 0001:00013610       __ld12told                 00414610 f   libcmtd:intrncvt.obj
 0001:000136d0       __atodbl                   004146d0 f   libcmtd:intrncvt.obj
 0001:00013710       __atoldbl                  00414710 f   libcmtd:intrncvt.obj
 0001:00013750       __atoflt                   00414750 f   libcmtd:intrncvt.obj
 0001:00013790       __fptostr                  00414790 f   libcmtd:_fptostr.obj
 0001:00013890       __fltout2                  00414890 f   libcmtd:cfout.obj
 0001:00013910       ___dtold                   00414910 f   libcmtd:cfout.obj
 0001:00013a80       __fptrap                   00414a80 f   libcmtd:crt0fp.obj
 0001:00013a90       __lseek                    00414a90 f   libcmtd:lseek.obj
 0001:00013b20       __lseek_lk                 00414b20 f   libcmtd:lseek.obj
 0001:00013be0       __write                    00414be0 f   libcmtd:write.obj
 0001:00013c70       __write_lk                 00414c70 f   libcmtd:write.obj
 0001:00013ef0       __getbuf                   00414ef0 f   libcmtd:_getbuf.obj
 0001:00013fc0       __isatty                   00414fc0 f   libcmtd:isatty.obj
 0001:00014000       ___initstdio               00415000 f   libcmtd:_file.obj
 0001:00014130       ___endstdio                00415130 f   libcmtd:_file.obj
 0001:00014150       __lock_file                00415150 f   libcmtd:_file.obj
 0001:00014190       __lock_file2               00415190 f   libcmtd:_file.obj
 0001:000141c0       __unlock_file              004151c0 f   libcmtd:_file.obj
 0001:00014200       __unlock_file2             00415200 f   libcmtd:_file.obj
 0001:00014230       _wctomb                    00415230 f   libcmtd:wctomb.obj
 0001:000142b0       __wctomb_lk                004152b0 f   libcmtd:wctomb.obj
 0001:00014350       __aulldiv                  00415350 f   libcmtd:ulldiv.obj
 0001:000143c0       __aullrem                  004153c0 f   libcmtd:ullrem.obj
 0001:00014440       _getenv                    00415440 f   libcmtd:getenv.obj
 0001:00014470       __getenv_lk                00415470 f   libcmtd:getenv.obj
 0001:00014540       ___init_time               00415540 f   libcmtd:inittime.obj
 0001:00014ec0       ___init_numeric            00415ec0 f   libcmtd:initnum.obj
 0001:000151f0       ___init_monetary           004161f0 f   libcmtd:initmon.obj
 0001:00015650       ___init_ctype              00416650 f   libcmtd:initctyp.obj
 0001:000159f0       ___init_collate            004169f0 f   libcmtd:initcoll.obj
 0001:00015a00       ___get_qualified_locale    00416a00 f   libcmtd:getqloc.obj
 0001:000167a0       ___addl                    004177a0 f   libcmtd:mantold.obj
 0001:000167e0       ___add_12                  004177e0 f   libcmtd:mantold.obj
 0001:00016890       ___shl_12                  00417890 f   libcmtd:mantold.obj
 0001:000168f0       ___shr_12                  004178f0 f   libcmtd:mantold.obj
 0001:00016960       ___mtold12                 00417960 f   libcmtd:mantold.obj
 0001:00016aa0       ___strgtold12              00417aa0 f   libcmtd:strgtold.obj
 0001:000175d0       ___STRINGTOLD              004185d0 f   libcmtd:strgtold.obj
 0001:00017620       _$I10_OUTPUT               00418620 f   libcmtd:x10fout.obj
 0001:00017b40       __alloc_osfhnd             00418b40 f   libcmtd:osfinfo.obj
 0001:00017d30       __set_osfhnd               00418d30 f   libcmtd:osfinfo.obj
 0001:00017df0       __free_osfhnd              00418df0 f   libcmtd:osfinfo.obj
 0001:00017ed0       __get_osfhandle            00418ed0 f   libcmtd:osfinfo.obj
 0001:00017f40       __open_osfhandle           00418f40 f   libcmtd:osfinfo.obj
 0001:00018050       __lock_fhandle             00419050 f   libcmtd:osfinfo.obj
 0001:000180e0       __unlock_fhandle           004190e0 f   libcmtd:osfinfo.obj
 0001:00018110       __fcloseall                00419110 f   libcmtd:closeall.obj
 0001:000181f0       _fflush                    004191f0 f   libcmtd:fflush.obj
 0001:00018240       __fflush_lk                00419240 f   libcmtd:fflush.obj
 0001:00018290       __flush                    00419290 f   libcmtd:fflush.obj
 0001:00018350       __flushall                 00419350 f   libcmtd:fflush.obj
 0001:000184a0       __mbsnbicoll               004194a0 f   libcmtd:mbsnbico.obj
 0001:000184f0       ___wtomb_environ           004194f0 f   libcmtd:wtombenv.obj
 0001:000185a0       ___getlocaleinfo           004195a0 f   libcmtd:inithelp.obj
 0001:00018830       _localeconv                00419830 f   libcmtd:lconv.obj
 0001:00018840       ___crtGetStringTypeW       00419840 f   libcmtd:w_str.obj
 0001:00018ab0       __strnicmp                 00419ab0 f   libcmtd:strnicmp.obj
 0001:00018bc0       ___ld12mul                 00419bc0 f   libcmtd:tenpow.obj
 0001:00019000       ___multtenpow12            0041a000 f   libcmtd:tenpow.obj
 0001:000190d0       _fclose                    0041a0d0 f   libcmtd:fclose.obj
 0001:00019160       __fclose_lk                0041a160 f   libcmtd:fclose.obj
 0001:00019220       __commit                   0041a220 f   libcmtd:commit.obj
 0001:00019300       ___crtsetenv               0041a300 f   libcmtd:setenv.obj
 0001:00019750       ___crtGetLocaleInfoW       0041a750 f   libcmtd:w_loc.obj
 0001:000198f0       ___crtGetLocaleInfoA       0041a8f0 f   libcmtd:a_loc.obj
 0001:00019aa0       __close                    0041aaa0 f   libcmtd:close.obj
 0001:00019b20       __close_lk                 0041ab20 f   libcmtd:close.obj
 0001:00019bd0       __freebuf                  0041abd0 f   libcmtd:_freebuf.obj
 0001:00019c62       _GetVersion@0              0041ac62 f   kernel32:KERNEL32.dll
 0001:00019c68       _GlobalAddAtomA@4          0041ac68 f   kernel32:KERNEL32.dll
 0001:00019c6e       _GlobalGetAtomNameA@12     0041ac6e f   kernel32:KERNEL32.dll
 0001:00019c74       _GlobalUnlock@4            0041ac74 f   kernel32:KERNEL32.dll
 0001:00019c7a       _lstrcpynA@12              0041ac7a f   kernel32:KERNEL32.dll
 0001:00019c80       _GlobalLock@4              0041ac80 f   kernel32:KERNEL32.dll
 0001:00019c86       _lstrcatA@8                0041ac86 f   kernel32:KERNEL32.dll
 0001:00019c8c       _lstrlenA@4                0041ac8c f   kernel32:KERNEL32.dll
 0001:00019c92       _lstrcpyA@8                0041ac92 f   kernel32:KERNEL32.dll
 0001:00019c98       _GetCurrentThreadId@0      0041ac98 f   kernel32:KERNEL32.dll
 0001:00019c9e       _GetCurrentThread@0        0041ac9e f   kernel32:KERNEL32.dll
 0001:00019ca4       _lstrcmpiA@8               0041aca4 f   kernel32:KERNEL32.dll
 0001:00019caa       _lstrcmpA@8                0041acaa f   kernel32:KERNEL32.dll
 0001:00019cb0       _GlobalDeleteAtom@4        0041acb0 f   kernel32:KERNEL32.dll
 0001:00019cb6       _GlobalAlloc@8             0041acb6 f   kernel32:KERNEL32.dll
 0001:00019cbc       _GetModuleFileNameA@12     0041acbc f   kernel32:KERNEL32.dll
 0001:00019cc2       _CloseHandle@4             0041acc2 f   kernel32:KERNEL32.dll
 0001:00019cc8       _WaitForSingleObject@8     0041acc8 f   kernel32:KERNEL32.dll
 0001:00019cce       _SetEvent@4                0041acce f   kernel32:KERNEL32.dll
 0001:00019cd4       _SuspendThread@4           0041acd4 f   kernel32:KERNEL32.dll
 0001:00019cda       _CreateEventA@16           0041acda f   kernel32:KERNEL32.dll
 0001:00019ce0       _GetProcAddress@8          0041ace0 f   kernel32:KERNEL32.dll
 0001:00019ce6       _GetModuleHandleA@4        0041ace6 f   kernel32:KERNEL32.dll
 0001:00019cec       _GlobalFindAtomA@4         0041acec f   kernel32:KERNEL32.dll
 0001:00019cf2       _GetLastError@0            0041acf2 f   kernel32:KERNEL32.dll
 0001:00019cf8       _FreeResource@4            0041acf8 f   kernel32:KERNEL32.dll
 0001:00019cfe       _LockResource@4            0041acfe f   kernel32:KERNEL32.dll
 0001:00019d04       _LoadResource@8            0041ad04 f   kernel32:KERNEL32.dll
 0001:00019d0a       _FindResourceA@12          0041ad0a f   kernel32:KERNEL32.dll
 0001:00019d10       _FreeLibrary@4             0041ad10 f   kernel32:KERNEL32.dll
 0001:00019d16       _LoadLibraryA@4            0041ad16 f   kernel32:KERNEL32.dll
 0001:00019d1c       _SetThreadPriority@8       0041ad1c f   kernel32:KERNEL32.dll
 0001:00019d22       _GetThreadPriority@4       0041ad22 f   kernel32:KERNEL32.dll
 0001:00019d28       _ResumeThread@4            0041ad28 f   kernel32:KERNEL32.dll
 0001:00019d2e       _SetLastError@4            0041ad2e f   kernel32:KERNEL32.dll
 0001:00019d34       _MulDiv@12                 0041ad34 f   kernel32:KERNEL32.dll
 0001:00019d3a       _InterlockedIncrement@4    0041ad3a f   kernel32:KERNEL32.dll
 0001:00019d40       _InterlockedDecrement@4    0041ad40 f   kernel32:KERNEL32.dll
 0001:00019d46       _WideCharToMultiByte@32    0041ad46 f   kernel32:KERNEL32.dll
 0001:00019d4c       _MultiByteToWideChar@24    0041ad4c f   kernel32:KERNEL32.dll
 0001:00019d52       _GlobalFree@4              0041ad52 f   kernel32:KERNEL32.dll
 0001:00019d58       _GlobalFlags@4             0041ad58 f   kernel32:KERNEL32.dll
 0001:00019d5e       _GetProcessVersion@4       0041ad5e f   kernel32:KERNEL32.dll
 0001:00019d64       _LocalFree@4               0041ad64 f   kernel32:KERNEL32.dll
 0001:00019d6a       _LocalAlloc@8              0041ad6a f   kernel32:KERNEL32.dll
 0001:00019d70       _InitializeCriticalSection@4 0041ad70 f   kernel32:KERNEL32.dll
 0001:00019d76       _TlsAlloc@0                0041ad76 f   kernel32:KERNEL32.dll
 0001:00019d7c       _DeleteCriticalSection@4   0041ad7c f   kernel32:KERNEL32.dll
 0001:00019d82       _GlobalHandle@4            0041ad82 f   kernel32:KERNEL32.dll
 0001:00019d88       _TlsFree@4                 0041ad88 f   kernel32:KERNEL32.dll
 0001:00019d8e       _LeaveCriticalSection@4    0041ad8e f   kernel32:KERNEL32.dll
 0001:00019d94       _GlobalReAlloc@12          0041ad94 f   kernel32:KERNEL32.dll
 0001:00019d9a       _EnterCriticalSection@4    0041ad9a f   kernel32:KERNEL32.dll
 0001:00019da0       _TlsSetValue@8             0041ada0 f   kernel32:KERNEL32.dll
 0001:00019da6       _LocalReAlloc@12           0041ada6 f   kernel32:KERNEL32.dll
 0001:00019dac       _TlsGetValue@4             0041adac f   kernel32:KERNEL32.dll
 0001:00019db2       _GetPrivateProfileIntA@16  0041adb2 f   kernel32:KERNEL32.dll
 0001:00019db8       _GetPrivateProfileStringA@24 0041adb8 f   kernel32:KERNEL32.dll
 0001:00019dbe       _WritePrivateProfileStringA@16 0041adbe f   kernel32:KERNEL32.dll
 0001:00019dc4       _GetCurrentDirectoryA@8    0041adc4 f   kernel32:KERNEL32.dll
 0001:00019dca       _IsBadStringPtrW@8         0041adca f   kernel32:KERNEL32.dll
 0001:00019dd0       _IsBadStringPtrA@8         0041add0 f   kernel32:KERNEL32.dll
 0001:00019dd6       _IsBadWritePtr@8           0041add6 f   kernel32:KERNEL32.dll
 0001:00019ddc       _IsBadReadPtr@8            0041addc f   kernel32:KERNEL32.dll
 0001:00019de2       _FileTimeToSystemTime@8    0041ade2 f   kernel32:KERNEL32.dll
 0001:00019de8       _FileTimeToLocalFileTime@8 0041ade8 f   kernel32:KERNEL32.dll
 0001:00019dee       _VirtualProtect@16         0041adee f   kernel32:KERNEL32.dll
 0001:00019df4       _GetProfileIntA@12         0041adf4 f   kernel32:KERNEL32.dll
 0001:00019dfa       _GetCPInfo@8               0041adfa f   kernel32:KERNEL32.dll
 0001:00019e00       _GetOEMCP@0                0041ae00 f   kernel32:KERNEL32.dll
 0001:00019e06       _SizeofResource@8          0041ae06 f   kernel32:KERNEL32.dll
 0001:00019e0c       _SetErrorMode@4            0041ae0c f   kernel32:KERNEL32.dll
 0001:00019e12       _DuplicateHandle@28        0041ae12 f   kernel32:KERNEL32.dll
 0001:00019e18       _GetCurrentProcess@0       0041ae18 f   kernel32:KERNEL32.dll
 0001:00019e1e       _CreateFileA@28            0041ae1e f   kernel32:KERNEL32.dll
 0001:00019e24       _ReadFile@20               0041ae24 f   kernel32:KERNEL32.dll
 0001:00019e2a       _WriteFile@20              0041ae2a f   kernel32:KERNEL32.dll
 0001:00019e30       _SetFilePointer@16         0041ae30 f   kernel32:KERNEL32.dll
 0001:00019e36       _FlushFileBuffers@4        0041ae36 f   kernel32:KERNEL32.dll
 0001:00019e3c       _LockFile@20               0041ae3c f   kernel32:KERNEL32.dll
 0001:00019e42       _UnlockFile@20             0041ae42 f   kernel32:KERNEL32.dll
 0001:00019e48       _SetEndOfFile@4            0041ae48 f   kernel32:KERNEL32.dll
 0001:00019e4e       _MoveFileA@8               0041ae4e f   kernel32:KERNEL32.dll
 0001:00019e54       _DeleteFileA@4             0041ae54 f   kernel32:KERNEL32.dll
 0001:00019e5a       _FindClose@4               0041ae5a f   kernel32:KERNEL32.dll
 0001:00019e60       _FindFirstFileA@8          0041ae60 f   kernel32:KERNEL32.dll
 0001:00019e66       _GetVolumeInformationA@32  0041ae66 f   kernel32:KERNEL32.dll
 0001:00019e6c       _GetFullPathNameA@16       0041ae6c f   kernel32:KERNEL32.dll
 0001:00019e72       _GetStringTypeExA@20       0041ae72 f   kernel32:KERNEL32.dll
 0001:00019e78       _GetThreadLocale@0         0041ae78 f   kernel32:KERNEL32.dll
 0001:00019e7e       _GetShortPathNameA@12      0041ae7e f   kernel32:KERNEL32.dll
 0001:00019e84       _GetFileAttributesA@4      0041ae84 f   kernel32:KERNEL32.dll
 0001:00019e8a       _GetTempFileNameA@16       0041ae8a f   kernel32:KERNEL32.dll
 0001:00019e90       _SetFileTime@16            0041ae90 f   kernel32:KERNEL32.dll
 0001:00019e96       _GetFileTime@16            0041ae96 f   kernel32:KERNEL32.dll
 0001:00019e9c       _GetDiskFreeSpaceA@20      0041ae9c f   kernel32:KERNEL32.dll
 0001:00019ea2       _FormatMessageA@28         0041aea2 f   kernel32:KERNEL32.dll
 0001:00019ea8       _GetFileSize@8             0041aea8 f   kernel32:KERNEL32.dll
 0001:00019eae       _LocalFileTimeToFileTime@8 0041aeae f   kernel32:KERNEL32.dll
 0001:00019eb4       _SystemTimeToFileTime@8    0041aeb4 f   kernel32:KERNEL32.dll
 0001:00019eba       _SetFileAttributesA@8      0041aeba f   kernel32:KERNEL32.dll
 0001:00019ec0       _RtlUnwind@16              0041aec0 f   kernel32:KERNEL32.dll
 0001:00019ec6       _GetStartupInfoA@4         0041aec6 f   kernel32:KERNEL32.dll
 0001:00019ecc       _GetCommandLineA@0         0041aecc f   kernel32:KERNEL32.dll
 0001:00019ed2       _ExitProcess@4             0041aed2 f   kernel32:KERNEL32.dll
 0001:00019ed8       _TerminateProcess@8        0041aed8 f   kernel32:KERNEL32.dll
 0001:00019ede       _HeapValidate@12           0041aede f   kernel32:KERNEL32.dll
 0001:00019ee4       _CreateThread@24           0041aee4 f   kernel32:KERNEL32.dll
 0001:00019eea       _ExitThread@4              0041aeea f   kernel32:KERNEL32.dll
 0001:00019ef0       _RaiseException@16         0041aef0 f   kernel32:KERNEL32.dll
 0001:00019ef6       _DebugBreak@0              0041aef6 f   kernel32:KERNEL32.dll
 0001:00019efc       _GetStdHandle@4            0041aefc f   kernel32:KERNEL32.dll
 0001:00019f02       _OutputDebugStringA@4      0041af02 f   kernel32:KERNEL32.dll
 0001:00019f08       _GetACP@0                  0041af08 f   kernel32:KERNEL32.dll
 0001:00019f0e       _GetTimeZoneInformation@4  0041af0e f   kernel32:KERNEL32.dll
 0001:00019f14       _GetSystemTime@4           0041af14 f   kernel32:KERNEL32.dll
 0001:00019f1a       _GetLocalTime@4            0041af1a f   kernel32:KERNEL32.dll
 0001:00019f20       _UnhandledExceptionFilter@4 0041af20 f   kernel32:KERNEL32.dll
 0001:00019f26       _FreeEnvironmentStringsA@4 0041af26 f   kernel32:KERNEL32.dll
 0001:00019f2c       _FreeEnvironmentStringsW@4 0041af2c f   kernel32:KERNEL32.dll
 0001:00019f32       _GetEnvironmentStrings@0   0041af32 f   kernel32:KERNEL32.dll
 0001:00019f38       _GetEnvironmentStringsW@0  0041af38 f   kernel32:KERNEL32.dll
 0001:00019f3e       _SetHandleCount@4          0041af3e f   kernel32:KERNEL32.dll
 0001:00019f44       _GetFileType@4             0041af44 f   kernel32:KERNEL32.dll
 0001:00019f4a       _HeapDestroy@4             0041af4a f   kernel32:KERNEL32.dll
 0001:00019f50       _HeapCreate@12             0041af50 f   kernel32:KERNEL32.dll
 0001:00019f56       _HeapFree@12               0041af56 f   kernel32:KERNEL32.dll
 0001:00019f5c       _VirtualFree@12            0041af5c f   kernel32:KERNEL32.dll
 0001:00019f62       _FatalAppExitA@8           0041af62 f   kernel32:KERNEL32.dll
 0001:00019f68       _HeapAlloc@12              0041af68 f   kernel32:KERNEL32.dll
 0001:00019f6e       _HeapReAlloc@16            0041af6e f   kernel32:KERNEL32.dll
 0001:00019f74       _VirtualAlloc@16           0041af74 f   kernel32:KERNEL32.dll
 0001:00019f7a       _LCMapStringA@24           0041af7a f   kernel32:KERNEL32.dll
 0001:00019f80       _LCMapStringW@24           0041af80 f   kernel32:KERNEL32.dll
 0001:00019f86       _CompareStringA@24         0041af86 f   kernel32:KERNEL32.dll
 0001:00019f8c       _CompareStringW@24         0041af8c f   kernel32:KERNEL32.dll
 0001:00019f92       _SetUnhandledExceptionFilter@4 0041af92 f   kernel32:KERNEL32.dll
 0001:00019f98       _SetConsoleCtrlHandler@8   0041af98 f   kernel32:KERNEL32.dll
 0001:00019f9e       _GetStringTypeA@20         0041af9e f   kernel32:KERNEL32.dll
 0001:00019fa4       _GetStringTypeW@16         0041afa4 f   kernel32:KERNEL32.dll
 0001:00019faa       _Sleep@4                   0041afaa f   kernel32:KERNEL32.dll
 0001:00019fb0       _IsBadCodePtr@4            0041afb0 f   kernel32:KERNEL32.dll
 0001:00019fb6       _IsValidLocale@8           0041afb6 f   kernel32:KERNEL32.dll
 0001:00019fbc       _IsValidCodePage@4         0041afbc f   kernel32:KERNEL32.dll
 0001:00019fc2       _GetLocaleInfoA@16         0041afc2 f   kernel32:KERNEL32.dll
 0001:00019fc8       _EnumSystemLocalesA@8      0041afc8 f   kernel32:KERNEL32.dll
 0001:00019fce       _GetUserDefaultLCID@0      0041afce f   kernel32:KERNEL32.dll
 0001:00019fd4       _GetVersionExA@4           0041afd4 f   kernel32:KERNEL32.dll
 0001:00019fda       _SetStdHandle@8            0041afda f   kernel32:KERNEL32.dll
 0001:00019fe0       _SetEnvironmentVariableA@8 0041afe0 f   kernel32:KERNEL32.dll
 0001:00019fe6       _GetLocaleInfoW@16         0041afe6 f   kernel32:KERNEL32.dll
 0001:00019fec       _GetSysColor@4             0041afec f   user32:USER32.dll
 0001:00019ff2       _RegisterWindowMessageA@4  0041aff2 f   user32:USER32.dll
 0001:00019ff8       _LoadAcceleratorsA@8       0041aff8 f   user32:USER32.dll
 0001:00019ffe       _TranslateAcceleratorA@12  0041affe f   user32:USER32.dll
 0001:0001a004       _ReleaseCapture@0          0041b004 f   user32:USER32.dll
 0001:0001a00a       _GetCapture@0              0041b00a f   user32:USER32.dll
 0001:0001a010       _PostMessageA@16           0041b010 f   user32:USER32.dll
 0001:0001a016       _PeekMessageA@20           0041b016 f   user32:USER32.dll
 0001:0001a01c       _SetCursor@4               0041b01c f   user32:USER32.dll
 0001:0001a022       _IsWindow@4                0041b022 f   user32:USER32.dll
 0001:0001a028       _EnableWindow@8            0041b028 f   user32:USER32.dll
 0001:0001a02e       _SendMessageA@16           0041b02e f   user32:USER32.dll
 0001:0001a034       _IsWindowEnabled@4         0041b034 f   user32:USER32.dll
 0001:0001a03a       _GetWindow@8               0041b03a f   user32:USER32.dll
 0001:0001a040       _GetDesktopWindow@0        0041b040 f   user32:USER32.dll
 0001:0001a046       _ShowWindow@8              0041b046 f   user32:USER32.dll
 0001:0001a04c       _GetWindowLongA@8          0041b04c f   user32:USER32.dll
 0001:0001a052       _GetActiveWindow@0         0041b052 f   user32:USER32.dll
 0001:0001a058       _SetFocus@4                0041b058 f   user32:USER32.dll
 0001:0001a05e       _DestroyMenu@4             0041b05e f   user32:USER32.dll
 0001:0001a064       _LoadMenuA@8               0041b064 f   user32:USER32.dll
 0001:0001a06a       _GetClassInfoA@12          0041b06a f   user32:USER32.dll
 0001:0001a070       _LoadIconA@8               0041b070 f   user32:USER32.dll
 0001:0001a076       _GetMenu@4                 0041b076 f   user32:USER32.dll
 0001:0001a07c       _SetMenu@8                 0041b07c f   user32:USER32.dll
 0001:0001a082       _WinHelpA@16               0041b082 f   user32:USER32.dll
 0001:0001a088       _ReuseDDElParam@20         0041b088 f   user32:USER32.dll
 0001:0001a08e       _UnpackDDElParam@16        0041b08e f   user32:USER32.dll
 0001:0001a094       _GetSubMenu@8              0041b094 f   user32:USER32.dll
 0001:0001a09a       _GetMenuItemCount@4        0041b09a f   user32:USER32.dll
 0001:0001a0a0       _GetDlgCtrlID@4            0041b0a0 f   user32:USER32.dll
 0001:0001a0a6       _SetWindowPos@28           0041b0a6 f   user32:USER32.dll
 0001:0001a0ac       _GetKeyState@4             0041b0ac f   user32:USER32.dll
 0001:0001a0b2       _wsprintfA                 0041b0b2 f   user32:USER32.dll
 0001:0001a0b8       _SetWindowLongA@12         0041b0b8 f   user32:USER32.dll
 0001:0001a0be       _GetDlgItem@8              0041b0be f   user32:USER32.dll
 0001:0001a0c4       _EqualRect@8               0041b0c4 f   user32:USER32.dll
 0001:0001a0ca       _GetParent@4               0041b0ca f   user32:USER32.dll
 0001:0001a0d0       _GetFocus@0                0041b0d0 f   user32:USER32.dll
 0001:0001a0d6       _BringWindowToTop@4        0041b0d6 f   user32:USER32.dll
 0001:0001a0dc       _GetLastActivePopup@4      0041b0dc f   user32:USER32.dll
 0001:0001a0e2       _PostQuitMessage@4         0041b0e2 f   user32:USER32.dll
 0001:0001a0e8       _MessageBoxA@16            0041b0e8 f   user32:USER32.dll
 0001:0001a0ee       _SetWindowsHookExA@16      0041b0ee f   user32:USER32.dll
 0001:0001a0f4       _GetCursorPos@4            0041b0f4 f   user32:USER32.dll
 0001:0001a0fa       _ValidateRect@8            0041b0fa f   user32:USER32.dll
 0001:0001a100       _CallNextHookEx@16         0041b100 f   user32:USER32.dll
 0001:0001a106       _DispatchMessageA@4        0041b106 f   user32:USER32.dll
 0001:0001a10c       _TranslateMessage@4        0041b10c f   user32:USER32.dll
 0001:0001a112       _GetMessageA@16            0041b112 f   user32:USER32.dll
 0001:0001a118       _SetMenuItemBitmaps@20     0041b118 f   user32:USER32.dll
 0001:0001a11e       _LoadBitmapA@8             0041b11e f   user32:USER32.dll
 0001:0001a124       _GetMenuCheckMarkDimensions@0 0041b124 f   user32:USER32.dll
 0001:0001a12a       _TabbedTextOutA@32         0041b12a f   user32:USER32.dll
 0001:0001a130       _GetSystemMetrics@4        0041b130 f   user32:USER32.dll
 0001:0001a136       _GetWindowRect@8           0041b136 f   user32:USER32.dll
 0001:0001a13c       _GetWindowPlacement@8      0041b13c f   user32:USER32.dll
 0001:0001a142       _IsIconic@4                0041b142 f   user32:USER32.dll
 0001:0001a148       _SystemParametersInfoA@16  0041b148 f   user32:USER32.dll
 0001:0001a14e       _IntersectRect@12          0041b14e f   user32:USER32.dll
 0001:0001a154       _OffsetRect@12             0041b154 f   user32:USER32.dll
 0001:0001a15a       _GetMessagePos@0           0041b15a f   user32:USER32.dll
 0001:0001a160       _GetMessageTime@0          0041b160 f   user32:USER32.dll
 0001:0001a166       _RemovePropA@8             0041b166 f   user32:USER32.dll
 0001:0001a16c       _CallWindowProcA@20        0041b16c f   user32:USER32.dll
 0001:0001a172       _GetPropA@8                0041b172 f   user32:USER32.dll
 0001:0001a178       _UnhookWindowsHookEx@4     0041b178 f   user32:USER32.dll
 0001:0001a17e       _SetPropA@12               0041b17e f   user32:USER32.dll
 0001:0001a184       _GetClassLongA@8           0041b184 f   user32:USER32.dll
 0001:0001a18a       _CreateWindowExA@48        0041b18a f   user32:USER32.dll
 0001:0001a190       _GetClassNameA@12          0041b190 f   user32:USER32.dll
 0001:0001a196       _DefWindowProcA@16         0041b196 f   user32:USER32.dll
 0001:0001a19c       _DestroyWindow@4           0041b19c f   user32:USER32.dll
 0001:0001a1a2       _GetWindowTextA@12         0041b1a2 f   user32:USER32.dll
 0001:0001a1a8       _GetWindowTextLengthA@4    0041b1a8 f   user32:USER32.dll
 0001:0001a1ae       _SetWindowPlacement@8      0041b1ae f   user32:USER32.dll
 0001:0001a1b4       _TrackPopupMenu@28         0041b1b4 f   user32:USER32.dll
 0001:0001a1ba       _RegisterClassA@4          0041b1ba f   user32:USER32.dll
 0001:0001a1c0       _IsChild@8                 0041b1c0 f   user32:USER32.dll
 0001:0001a1c6       _GetTopWindow@4            0041b1c6 f   user32:USER32.dll
 0001:0001a1cc       _SetScrollPos@16           0041b1cc f   user32:USER32.dll
 0001:0001a1d2       _GetScrollPos@8            0041b1d2 f   user32:USER32.dll
 0001:0001a1d8       _SetScrollRange@20         0041b1d8 f   user32:USER32.dll
 0001:0001a1de       _GetScrollRange@16         0041b1de f   user32:USER32.dll
 0001:0001a1e4       _SetScrollInfo@16          0041b1e4 f   user32:USER32.dll
 0001:0001a1ea       _GetScrollInfo@12          0041b1ea f   user32:USER32.dll
 0001:0001a1f0       _ScrollWindow@20           0041b1f0 f   user32:USER32.dll
 0001:0001a1f6       _EndDeferWindowPos@4       0041b1f6 f   user32:USER32.dll
 0001:0001a1fc       _CopyRect@8                0041b1fc f   user32:USER32.dll
 0001:0001a202       _BeginDeferWindowPos@4     0041b202 f   user32:USER32.dll
 0001:0001a208       _DeferWindowPos@32         0041b208 f   user32:USER32.dll
 0001:0001a20e       _ScreenToClient@8          0041b20e f   user32:USER32.dll
 0001:0001a214       _AdjustWindowRectEx@16     0041b214 f   user32:USER32.dll
 0001:0001a21a       _SetActiveWindow@4         0041b21a f   user32:USER32.dll
 0001:0001a220       _MapWindowPoints@16        0041b220 f   user32:USER32.dll
 0001:0001a226       _GetClientRect@8           0041b226 f   user32:USER32.dll
 0001:0001a22c       _SendDlgItemMessageA@20    0041b22c f   user32:USER32.dll
 0001:0001a232       _CheckDlgButton@12         0041b232 f   user32:USER32.dll
 0001:0001a238       _CheckRadioButton@16       0041b238 f   user32:USER32.dll
 0001:0001a23e       _GetDlgItemInt@16          0041b23e f   user32:USER32.dll
 0001:0001a244       _GetDlgItemTextA@16        0041b244 f   user32:USER32.dll
 0001:0001a24a       _SetDlgItemInt@16          0041b24a f   user32:USER32.dll
 0001:0001a250       _SetDlgItemTextA@12        0041b250 f   user32:USER32.dll
 0001:0001a256       _IsDlgButtonChecked@8      0041b256 f   user32:USER32.dll
 0001:0001a25c       _ScrollWindowEx@32         0041b25c f   user32:USER32.dll
 0001:0001a262       _IsDialogMessageA@8        0041b262 f   user32:USER32.dll
 0001:0001a268       _SetWindowTextA@8          0041b268 f   user32:USER32.dll
 0001:0001a26e       _MoveWindow@24             0041b26e f   user32:USER32.dll
 0001:0001a274       _DrawMenuBar@4             0041b274 f   user32:USER32.dll
 0001:0001a27a       _GetSystemMenu@8           0041b27a f   user32:USER32.dll
 0001:0001a280       _HiliteMenuItem@16         0041b280 f   user32:USER32.dll
 0001:0001a286       _IsZoomed@4                0041b286 f   user32:USER32.dll
 0001:0001a28c       _ArrangeIconicWindows@4    0041b28c f   user32:USER32.dll
 0001:0001a292       _SetWindowRgn@12           0041b292 f   user32:USER32.dll
 0001:0001a298       _GetWindowRgn@8            0041b298 f   user32:USER32.dll
 0001:0001a29e       _ClientToScreen@8          0041b29e f   user32:USER32.dll
 0001:0001a2a4       _BeginPaint@8              0041b2a4 f   user32:USER32.dll
 0001:0001a2aa       _EndPaint@8                0041b2aa f   user32:USER32.dll
 0001:0001a2b0       _GetDC@4                   0041b2b0 f   user32:USER32.dll
 0001:0001a2b6       _GetWindowDC@4             0041b2b6 f   user32:USER32.dll
 0001:0001a2bc       _ReleaseDC@8               0041b2bc f   user32:USER32.dll
 0001:0001a2c2       _UpdateWindow@4            0041b2c2 f   user32:USER32.dll
 0001:0001a2c8       _GetUpdateRect@12          0041b2c8 f   user32:USER32.dll
 0001:0001a2ce       _GetUpdateRgn@12           0041b2ce f   user32:USER32.dll
 0001:0001a2d4       _InvalidateRect@12         0041b2d4 f   user32:USER32.dll
 0001:0001a2da       _InvalidateRgn@12          0041b2da f   user32:USER32.dll
 0001:0001a2e0       _ValidateRgn@8             0041b2e0 f   user32:USER32.dll
 0001:0001a2e6       _IsWindowVisible@4         0041b2e6 f   user32:USER32.dll
 0001:0001a2ec       _ShowOwnedPopups@8         0041b2ec f   user32:USER32.dll
 0001:0001a2f2       _GetDCEx@12                0041b2f2 f   user32:USER32.dll
 0001:0001a2f8       _LockWindowUpdate@4        0041b2f8 f   user32:USER32.dll
 0001:0001a2fe       _RedrawWindow@16           0041b2fe f   user32:USER32.dll
 0001:0001a304       _EnableScrollBar@12        0041b304 f   user32:USER32.dll
 0001:0001a30a       _SetTimer@16               0041b30a f   user32:USER32.dll
 0001:0001a310       _KillTimer@8               0041b310 f   user32:USER32.dll
 0001:0001a316       _SetCapture@4              0041b316 f   user32:USER32.dll
 0001:0001a31c       _DlgDirListA@20            0041b31c f   user32:USER32.dll
 0001:0001a322       _DlgDirListComboBoxA@20    0041b322 f   user32:USER32.dll
 0001:0001a328       _DlgDirSelectExA@16        0041b328 f   user32:USER32.dll
 0001:0001a32e       _DlgDirSelectComboBoxExA@16 0041b32e f   user32:USER32.dll
 0001:0001a334       _GetNextDlgGroupItem@12    0041b334 f   user32:USER32.dll
 0001:0001a33a       _GetNextDlgTabItem@12      0041b33a f   user32:USER32.dll
 0001:0001a340       _ShowScrollBar@12          0041b340 f   user32:USER32.dll
 0001:0001a346       _ChildWindowFromPoint@12   0041b346 f   user32:USER32.dll
 0001:0001a34c       _ChildWindowFromPointEx@16 0041b34c f   user32:USER32.dll
 0001:0001a352       _FindWindowA@8             0041b352 f   user32:USER32.dll
 0001:0001a358       _SetParent@8               0041b358 f   user32:USER32.dll
 0001:0001a35e       _WindowFromPoint@8         0041b35e f   user32:USER32.dll
 0001:0001a364       _FlashWindow@8             0041b364 f   user32:USER32.dll
 0001:0001a36a       _ChangeClipboardChain@8    0041b36a f   user32:USER32.dll
 0001:0001a370       _SetClipboardViewer@4      0041b370 f   user32:USER32.dll
 0001:0001a376       _OpenClipboard@4           0041b376 f   user32:USER32.dll
 0001:0001a37c       _GetOpenClipboardWindow@0  0041b37c f   user32:USER32.dll
 0001:0001a382       _GetClipboardOwner@0       0041b382 f   user32:USER32.dll
 0001:0001a388       _GetClipboardViewer@0      0041b388 f   user32:USER32.dll
 0001:0001a38e       _CreateCaret@16            0041b38e f   user32:USER32.dll
 0001:0001a394       _GetCaretPos@4             0041b394 f   user32:USER32.dll
 0001:0001a39a       _SetCaretPos@8             0041b39a f   user32:USER32.dll
 0001:0001a3a0       _HideCaret@4               0041b3a0 f   user32:USER32.dll
 0001:0001a3a6       _ShowCaret@4               0041b3a6 f   user32:USER32.dll
 0001:0001a3ac       _SetForegroundWindow@4     0041b3ac f   user32:USER32.dll
 0001:0001a3b2       _GetForegroundWindow@0     0041b3b2 f   user32:USER32.dll
 0001:0001a3b8       _SendNotifyMessageA@16     0041b3b8 f   user32:USER32.dll
 0001:0001a3be       _SetWindowContextHelpId@8  0041b3be f   user32:USER32.dll
 0001:0001a3c4       _GetWindowContextHelpId@4  0041b3c4 f   user32:USER32.dll
 0001:0001a3ca       _MapDialogRect@8           0041b3ca f   user32:USER32.dll
 0001:0001a3d0       _PostThreadMessageA@16     0041b3d0 f   user32:USER32.dll
 0001:0001a3d6       _LoadCursorA@8             0041b3d6 f   user32:USER32.dll
 0001:0001a3dc       _CloseWindow@4             0041b3dc f   user32:USER32.dll
 0001:0001a3e2       _OpenIcon@4                0041b3e2 f   user32:USER32.dll
 0001:0001a3e8       _CharToOemA@8              0041b3e8 f   user32:USER32.dll
 0001:0001a3ee       _OemToCharA@8              0041b3ee f   user32:USER32.dll
 0001:0001a3f4       _IsRectEmpty@4             0041b3f4 f   user32:USER32.dll
 0001:0001a3fa       _PtInRect@12               0041b3fa f   user32:USER32.dll
 0001:0001a400       _SetRect@20                0041b400 f   user32:USER32.dll
 0001:0001a406       _SetRectEmpty@4            0041b406 f   user32:USER32.dll
 0001:0001a40c       _InflateRect@12            0041b40c f   user32:USER32.dll
 0001:0001a412       _UnionRect@12              0041b412 f   user32:USER32.dll
 0001:0001a418       _SubtractRect@12           0041b418 f   user32:USER32.dll
 0001:0001a41e       _GetSysColorBrush@4        0041b41e f   user32:USER32.dll
 0001:0001a424       _WindowFromDC@4            0041b424 f   user32:USER32.dll
 0001:0001a42a       _ExcludeUpdateRgn@8        0041b42a f   user32:USER32.dll
 0001:0001a430       _FillRect@12               0041b430 f   user32:USER32.dll
 0001:0001a436       _FrameRect@12              0041b436 f   user32:USER32.dll
 0001:0001a43c       _InvertRect@8              0041b43c f   user32:USER32.dll
 0001:0001a442       _DrawIcon@16               0041b442 f   user32:USER32.dll
 0001:0001a448       _DrawStateA@40             0041b448 f   user32:USER32.dll
 0001:0001a44e       _DrawEdge@16               0041b44e f   user32:USER32.dll
 0001:0001a454       _DrawFrameControl@16       0041b454 f   user32:USER32.dll
 0001:0001a45a       _DrawFocusRect@8           0041b45a f   user32:USER32.dll
 0001:0001a460       _DrawTextA@20              0041b460 f   user32:USER32.dll
 0001:0001a466       _GetTabbedTextExtentA@20   0041b466 f   user32:USER32.dll
 0001:0001a46c       _GrayStringA@36            0041b46c f   user32:USER32.dll
 0001:0001a472       _ScrollDC@28               0041b472 f   user32:USER32.dll
 0001:0001a478       _CreateMenu@0              0041b478 f   user32:USER32.dll
 0001:0001a47e       _CreatePopupMenu@0         0041b47e f   user32:USER32.dll
 0001:0001a484       _IsMenu@4                  0041b484 f   user32:USER32.dll
 0001:0001a48a       _DeleteMenu@12             0041b48a f   user32:USER32.dll
 0001:0001a490       _AppendMenuA@16            0041b490 f   user32:USER32.dll
 0001:0001a496       _CheckMenuItem@12          0041b496 f   user32:USER32.dll
 0001:0001a49c       _EnableMenuItem@12         0041b49c f   user32:USER32.dll
 0001:0001a4a2       _SetMenuDefaultItem@12     0041b4a2 f   user32:USER32.dll
 0001:0001a4a8       _GetMenuDefaultItem@12     0041b4a8 f   user32:USER32.dll
 0001:0001a4ae       _GetMenuItemID@8           0041b4ae f   user32:USER32.dll
 0001:0001a4b4       _GetMenuState@12           0041b4b4 f   user32:USER32.dll
 0001:0001a4ba       _GetMenuStringA@20         0041b4ba f   user32:USER32.dll
 0001:0001a4c0       _GetMenuItemInfoA@16       0041b4c0 f   user32:USER32.dll
 0001:0001a4c6       _InsertMenuA@20            0041b4c6 f   user32:USER32.dll
 0001:0001a4cc       _ModifyMenuA@20            0041b4cc f   user32:USER32.dll
 0001:0001a4d2       _RemoveMenu@12             0041b4d2 f   user32:USER32.dll
 0001:0001a4d8       _LoadMenuIndirectA@4       0041b4d8 f   user32:USER32.dll
 0001:0001a4de       _SetMenuContextHelpId@8    0041b4de f   user32:USER32.dll
 0001:0001a4e4       _GetMenuContextHelpId@4    0041b4e4 f   user32:USER32.dll
 0001:0001a4ea       _CheckMenuRadioItem@20     0041b4ea f   user32:USER32.dll
 0001:0001a4f0       _LoadStringA@16            0041b4f0 f   user32:USER32.dll
 0001:0001a4f6       _CreateDialogIndirectParamA@20 0041b4f6 f   user32:USER32.dll
 0001:0001a4fc       _EndDialog@8               0041b4fc f   user32:USER32.dll
 0001:0001a502       _GetClipboardFormatNameA@12 0041b502 f   user32:USER32.dll
 0001:0001a508       _GetAsyncKeyState@4        0041b508 f   user32:USER32.dll
 0001:0001a50e       _SetCursorPos@8            0041b50e f   user32:USER32.dll
 0001:0001a514       _DestroyCursor@4           0041b514 f   user32:USER32.dll
 0001:0001a51a       _GetDialogBaseUnits@0      0041b51a f   user32:USER32.dll
 0001:0001a520       _CharUpperA@4              0041b520 f   user32:USER32.dll
 0001:0001a526       _DestroyIcon@4             0041b526 f   user32:USER32.dll
 0001:0001a52c       _CreateBitmap@20           0041b52c f   gdi32:GDI32.dll
 0001:0001a532       _CreateMetaFileA@4         0041b532 f   gdi32:GDI32.dll
 0001:0001a538       _CloseMetaFile@4           0041b538 f   gdi32:GDI32.dll
 0001:0001a53e       _CreateEnhMetaFileA@16     0041b53e f   gdi32:GDI32.dll
 0001:0001a544       _CloseEnhMetaFile@4        0041b544 f   gdi32:GDI32.dll
 0001:0001a54a       _ExtTextOutA@32            0041b54a f   gdi32:GDI32.dll
 0001:0001a550       _GetDCOrgEx@8              0041b550 f   gdi32:GDI32.dll
 0001:0001a556       _GetClipBox@8              0041b556 f   gdi32:GDI32.dll
 0001:0001a55c       _SetTextColor@8            0041b55c f   gdi32:GDI32.dll
 0001:0001a562       _SetBkColor@8              0041b562 f   gdi32:GDI32.dll
 0001:0001a568       _GetObjectA@12             0041b568 f   gdi32:GDI32.dll
 0001:0001a56e       _DeleteDC@4                0041b56e f   gdi32:GDI32.dll
 0001:0001a574       _SaveDC@4                  0041b574 f   gdi32:GDI32.dll
 0001:0001a57a       _RestoreDC@8               0041b57a f   gdi32:GDI32.dll
 0001:0001a580       _SelectObject@8            0041b580 f   gdi32:GDI32.dll
 0001:0001a586       _GetStockObject@4          0041b586 f   gdi32:GDI32.dll
 0001:0001a58c       _SelectPalette@12          0041b58c f   gdi32:GDI32.dll
 0001:0001a592       _SetBkMode@8               0041b592 f   gdi32:GDI32.dll
 0001:0001a598       _SetPolyFillMode@8         0041b598 f   gdi32:GDI32.dll
 0001:0001a59e       _SetROP2@8                 0041b59e f   gdi32:GDI32.dll
 0001:0001a5a4       _SetStretchBltMode@8       0041b5a4 f   gdi32:GDI32.dll
 0001:0001a5aa       _SetMapMode@8              0041b5aa f   gdi32:GDI32.dll
 0001:0001a5b0       _SetViewportOrgEx@16       0041b5b0 f   gdi32:GDI32.dll
 0001:0001a5b6       _OffsetViewportOrgEx@16    0041b5b6 f   gdi32:GDI32.dll
 0001:0001a5bc       _SetViewportExtEx@16       0041b5bc f   gdi32:GDI32.dll
 0001:0001a5c2       _ScaleViewportExtEx@24     0041b5c2 f   gdi32:GDI32.dll
 0001:0001a5c8       _SetWindowOrgEx@16         0041b5c8 f   gdi32:GDI32.dll
 0001:0001a5ce       _OffsetWindowOrgEx@16      0041b5ce f   gdi32:GDI32.dll
 0001:0001a5d4       _SetWindowExtEx@16         0041b5d4 f   gdi32:GDI32.dll
 0001:0001a5da       _ScaleWindowExtEx@24       0041b5da f   gdi32:GDI32.dll
 0001:0001a5e0       _SelectClipRgn@8           0041b5e0 f   gdi32:GDI32.dll
 0001:0001a5e6       _ExcludeClipRect@20        0041b5e6 f   gdi32:GDI32.dll
 0001:0001a5ec       _IntersectClipRect@20      0041b5ec f   gdi32:GDI32.dll
 0001:0001a5f2       _OffsetClipRgn@12          0041b5f2 f   gdi32:GDI32.dll
 0001:0001a5f8       _MoveToEx@16               0041b5f8 f   gdi32:GDI32.dll
 0001:0001a5fe       _LineTo@12                 0041b5fe f   gdi32:GDI32.dll
 0001:0001a604       _SetTextAlign@8            0041b604 f   gdi32:GDI32.dll
 0001:0001a60a       _SetTextJustification@12   0041b60a f   gdi32:GDI32.dll
 0001:0001a610       _SetTextCharacterExtra@8   0041b610 f   gdi32:GDI32.dll
 0001:0001a616       _SetMapperFlags@8          0041b616 f   gdi32:GDI32.dll
 0001:0001a61c       _GetCurrentPositionEx@8    0041b61c f   gdi32:GDI32.dll
 0001:0001a622       _ArcTo@36                  0041b622 f   gdi32:GDI32.dll
 0001:0001a628       _SetArcDirection@8         0041b628 f   gdi32:GDI32.dll
 0001:0001a62e       _PolyDraw@16               0041b62e f   gdi32:GDI32.dll
 0001:0001a634       _PolylineTo@12             0041b634 f   gdi32:GDI32.dll
 0001:0001a63a       _SetColorAdjustment@8      0041b63a f   gdi32:GDI32.dll
 0001:0001a640       _PolyBezierTo@12           0041b640 f   gdi32:GDI32.dll
 0001:0001a646       _DeleteObject@4            0041b646 f   gdi32:GDI32.dll
 0001:0001a64c       _GetClipRgn@8              0041b64c f   gdi32:GDI32.dll
 0001:0001a652       _CreateRectRgn@16          0041b652 f   gdi32:GDI32.dll
 0001:0001a658       _SelectClipPath@8          0041b658 f   gdi32:GDI32.dll
 0001:0001a65e       _ExtSelectClipRgn@12       0041b65e f   gdi32:GDI32.dll
 0001:0001a664       _PlayMetaFileRecord@16     0041b664 f   gdi32:GDI32.dll
 0001:0001a66a       _GetObjectType@4           0041b66a f   gdi32:GDI32.dll
 0001:0001a670       _EnumMetaFile@16           0041b670 f   gdi32:GDI32.dll
 0001:0001a676       _PlayMetaFile@8            0041b676 f   gdi32:GDI32.dll
 0001:0001a67c       _GetDeviceCaps@8           0041b67c f   gdi32:GDI32.dll
 0001:0001a682       _CreatePen@12              0041b682 f   gdi32:GDI32.dll
 0001:0001a688       _ExtCreatePen@20           0041b688 f   gdi32:GDI32.dll
 0001:0001a68e       _CreateSolidBrush@4        0041b68e f   gdi32:GDI32.dll
 0001:0001a694       _CreateHatchBrush@8        0041b694 f   gdi32:GDI32.dll
 0001:0001a69a       _CreatePatternBrush@4      0041b69a f   gdi32:GDI32.dll
 0001:0001a6a0       _CreateDIBPatternBrushPt@8 0041b6a0 f   gdi32:GDI32.dll
 0001:0001a6a6       _UnrealizeObject@4         0041b6a6 f   gdi32:GDI32.dll
 0001:0001a6ac       _CreatePenIndirect@4       0041b6ac f   gdi32:GDI32.dll
 0001:0001a6b2       _CreateBrushIndirect@4     0041b6b2 f   gdi32:GDI32.dll
 0001:0001a6b8       _CreateFontIndirectA@4     0041b6b8 f   gdi32:GDI32.dll
 0001:0001a6be       _CreateFontA@56            0041b6be f   gdi32:GDI32.dll
 0001:0001a6c4       _CreateBitmapIndirect@4    0041b6c4 f   gdi32:GDI32.dll
 0001:0001a6ca       _SetBitmapBits@12          0041b6ca f   gdi32:GDI32.dll
 0001:0001a6d0       _GetBitmapBits@12          0041b6d0 f   gdi32:GDI32.dll
 0001:0001a6d6       _SetBitmapDimensionEx@16   0041b6d6 f   gdi32:GDI32.dll
 0001:0001a6dc       _GetBitmapDimensionEx@8    0041b6dc f   gdi32:GDI32.dll
 0001:0001a6e2       _CreateCompatibleBitmap@12 0041b6e2 f   gdi32:GDI32.dll
 0001:0001a6e8       _CreateDiscardableBitmap@12 0041b6e8 f   gdi32:GDI32.dll
 0001:0001a6ee       _CreatePalette@4           0041b6ee f   gdi32:GDI32.dll
 0001:0001a6f4       _CreateHalftonePalette@4   0041b6f4 f   gdi32:GDI32.dll
 0001:0001a6fa       _GetPaletteEntries@16      0041b6fa f   gdi32:GDI32.dll
 0001:0001a700       _SetPaletteEntries@16      0041b700 f   gdi32:GDI32.dll
 0001:0001a706       _AnimatePalette@16         0041b706 f   gdi32:GDI32.dll
 0001:0001a70c       _GetNearestPaletteIndex@8  0041b70c f   gdi32:GDI32.dll
 0001:0001a712       _ResizePalette@8           0041b712 f   gdi32:GDI32.dll
 0001:0001a718       _CreateRectRgnIndirect@4   0041b718 f   gdi32:GDI32.dll
 0001:0001a71e       _CreateEllipticRgn@16      0041b71e f   gdi32:GDI32.dll
 0001:0001a724       _CreateEllipticRgnIndirect@4 0041b724 f   gdi32:GDI32.dll
 0001:0001a72a       _CreatePolygonRgn@12       0041b72a f   gdi32:GDI32.dll
 0001:0001a730       _CreatePolyPolygonRgn@16   0041b730 f   gdi32:GDI32.dll
 0001:0001a736       _CreateRoundRectRgn@24     0041b736 f   gdi32:GDI32.dll
 0001:0001a73c       _PathToRegion@4            0041b73c f   gdi32:GDI32.dll
 0001:0001a742       _ExtCreateRegion@12        0041b742 f   gdi32:GDI32.dll
 0001:0001a748       _GetRegionData@12          0041b748 f   gdi32:GDI32.dll
 0001:0001a74e       _SetRectRgn@20             0041b74e f   gdi32:GDI32.dll
 0001:0001a754       _CombineRgn@16             0041b754 f   gdi32:GDI32.dll
 0001:0001a75a       _EqualRgn@8                0041b75a f   gdi32:GDI32.dll
 0001:0001a760       _OffsetRgn@12              0041b760 f   gdi32:GDI32.dll
 0001:0001a766       _GetRgnBox@8               0041b766 f   gdi32:GDI32.dll
 0001:0001a76c       _PtInRegion@12             0041b76c f   gdi32:GDI32.dll
 0001:0001a772       _RectInRegion@8            0041b772 f   gdi32:GDI32.dll
 0001:0001a778       _CreateDCA@16              0041b778 f   gdi32:GDI32.dll
 0001:0001a77e       _CreateICA@16              0041b77e f   gdi32:GDI32.dll
 0001:0001a784       _CreateCompatibleDC@4      0041b784 f   gdi32:GDI32.dll
 0001:0001a78a       _GetBrushOrgEx@8           0041b78a f   gdi32:GDI32.dll
 0001:0001a790       _SetBrushOrgEx@16          0041b790 f   gdi32:GDI32.dll
 0001:0001a796       _EnumObjects@16            0041b796 f   gdi32:GDI32.dll
 0001:0001a79c       _GetNearestColor@8         0041b79c f   gdi32:GDI32.dll
 0001:0001a7a2       _RealizePalette@4          0041b7a2 f   gdi32:GDI32.dll
 0001:0001a7a8       _UpdateColors@4            0041b7a8 f   gdi32:GDI32.dll
 0001:0001a7ae       _GetBkColor@4              0041b7ae f   gdi32:GDI32.dll
 0001:0001a7b4       _GetBkMode@4               0041b7b4 f   gdi32:GDI32.dll
 0001:0001a7ba       _GetPolyFillMode@4         0041b7ba f   gdi32:GDI32.dll
 0001:0001a7c0       _GetROP2@4                 0041b7c0 f   gdi32:GDI32.dll
 0001:0001a7c6       _GetStretchBltMode@4       0041b7c6 f   gdi32:GDI32.dll
 0001:0001a7cc       _GetTextColor@4            0041b7cc f   gdi32:GDI32.dll
 0001:0001a7d2       _GetMapMode@4              0041b7d2 f   gdi32:GDI32.dll
 0001:0001a7d8       _GetViewportOrgEx@8        0041b7d8 f   gdi32:GDI32.dll
 0001:0001a7de       _GetViewportExtEx@8        0041b7de f   gdi32:GDI32.dll
 0001:0001a7e4       _GetWindowOrgEx@8          0041b7e4 f   gdi32:GDI32.dll
 0001:0001a7ea       _GetWindowExtEx@8          0041b7ea f   gdi32:GDI32.dll
 0001:0001a7f0       _DPtoLP@12                 0041b7f0 f   gdi32:GDI32.dll
 0001:0001a7f6       _LPtoDP@12                 0041b7f6 f   gdi32:GDI32.dll
 0001:0001a7fc       _FillRgn@12                0041b7fc f   gdi32:GDI32.dll
 0001:0001a802       _FrameRgn@20               0041b802 f   gdi32:GDI32.dll
 0001:0001a808       _InvertRgn@8               0041b808 f   gdi32:GDI32.dll
 0001:0001a80e       _PaintRgn@8                0041b80e f   gdi32:GDI32.dll
 0001:0001a814       _PtVisible@12              0041b814 f   gdi32:GDI32.dll
 0001:0001a81a       _RectVisible@8             0041b81a f   gdi32:GDI32.dll
 0001:0001a820       _Arc@36                    0041b820 f   gdi32:GDI32.dll
 0001:0001a826       _Polyline@12               0041b826 f   gdi32:GDI32.dll
 0001:0001a82c       _Chord@36                  0041b82c f   gdi32:GDI32.dll
 0001:0001a832       _Ellipse@20                0041b832 f   gdi32:GDI32.dll
 0001:0001a838       _Pie@36                    0041b838 f   gdi32:GDI32.dll
 0001:0001a83e       _Polygon@12                0041b83e f   gdi32:GDI32.dll
 0001:0001a844       _PolyPolygon@16            0041b844 f   gdi32:GDI32.dll
 0001:0001a84a       _Rectangle@20              0041b84a f   gdi32:GDI32.dll
 0001:0001a850       _RoundRect@28              0041b850 f   gdi32:GDI32.dll
 0001:0001a856       _PatBlt@24                 0041b856 f   gdi32:GDI32.dll
 0001:0001a85c       _BitBlt@36                 0041b85c f   gdi32:GDI32.dll
 0001:0001a862       _StretchBlt@44             0041b862 f   gdi32:GDI32.dll
 0001:0001a868       _GetPixel@12               0041b868 f   gdi32:GDI32.dll
 0001:0001a86e       _SetPixel@16               0041b86e f   gdi32:GDI32.dll
[...]
 0001:00012426       dstdone                    00413426 f   libcmtd:strspn.obj
 0001:00012388       findnext                   00413388 f   libcmtd:strstr.obj
 0001:00012399       loop_start                 00413399 f   libcmtd:strstr.obj
 0001:0001239c       in_loop                    0041339c f   libcmtd:strstr.obj
 0001:000123a4       not_found                  004133a4 f   libcmtd:strstr.obj
 0001:000123aa       first_char_found           004133aa f   libcmtd:strstr.obj
 0001:000123b1       two_first_chars_equal      004133b1 f   libcmtd:strstr.obj
 0001:000123b4       compare_loop               004133b4 f   libcmtd:strstr.obj
 0001:000123d7       strchr_call                004133d7 f   libcmtd:strstr.obj
 0001:000123e3       match                      004133e3 f   libcmtd:strstr.obj
 0001:000123ea       empty_str2                 004133ea f   libcmtd:strstr.obj
 0001:00011d10       __setlocale_set_cat        00412d10 f   libcmtd:setlocal.obj
 0001:00011eb0       __setlocale_get_all        00412eb0 f   libcmtd:setlocal.obj
 0001:000118e0       _store_dt                  004128e0 f   libcmtd:asctime.obj
 0001:00010d50       __tzset_lk                 00411d50 f   libcmtd:tzset.obj
 0001:00011130       __isindst_lk               00412130 f   libcmtd:tzset.obj
 0001:00011430       _cvtdate                   00412430 f   libcmtd:tzset.obj
 0001:00010ce1       returndi                   00411ce1 f   libcmtd:strrchr.obj
 0001:00010ce3       toend                      00411ce3 f   libcmtd:strrchr.obj
 0001:00010ad9       hard                       00411ad9 f   libcmtd:llmul.obj
 0001:000109e4       src_misaligned             004119e4 f   libcmtd:strncpy.obj
 0001:00010a00       tail_loop_start            00411a00 f   libcmtd:strncpy.obj
 0001:00010a05       copy_tail_loop             00411a05 f   libcmtd:strncpy.obj
 0001:00010a12       fill_tail_end1             00411a12 f   libcmtd:strncpy.obj
 0001:00010a1a       align_dest                 00411a1a f   libcmtd:strncpy.obj
 0001:00010a22       dest_align_loop            00411a22 f   libcmtd:strncpy.obj
 0001:00010a34       dest_align_loop_end        00411a34 f   libcmtd:strncpy.obj
 0001:00010a3b       finish_loop                00411a3b f   libcmtd:strncpy.obj
 0001:00010a3e       fill_tail_zero_bytes       00411a3e f   libcmtd:strncpy.obj
 0001:00010a43       finish                     00411a43 f   libcmtd:strncpy.obj
 0001:00010a49       main_loop                  00411a49 f   libcmtd:strncpy.obj
 0001:00010a51       main_loop_entrance         00411a51 f   libcmtd:strncpy.obj
 0001:00010a87       byte_2                     00411a87 f   libcmtd:strncpy.obj
 0001:00010a91       byte_1                     00411a91 f   libcmtd:strncpy.obj
 0001:00010a9b       byte_0                     00411a9b f   libcmtd:strncpy.obj
 0001:00010a9f       fill_with_EOS_dwords       00411a9f f   libcmtd:strncpy.obj
 0001:00010aa7       fill_dwords_with_EOS       00411aa7 f   libcmtd:strncpy.obj
 0001:00010aa9       fill_with_EOS_loop         00411aa9 f   libcmtd:strncpy.obj
 0001:00010ab1       fill_tail                  00411ab1 f   libcmtd:strncpy.obj
 0001:00010ab6       fill_tail_end              00411ab6 f   libcmtd:strncpy.obj
 0001:000105a0       _ctrlevent_capture@4       004115a0 f   libcmtd:winsig.obj
 0001:00010880       _siglookup                 00411880 f   libcmtd:winsig.obj
 0001:0000ffd0       _xtoa                      00410fd0 f   libcmtd:xtoa.obj
 0001:00010150       _x64toa@20                 00411150 f   libcmtd:xtoa.obj
 0001:0000fe10       _write_char                00410e10 f   libcmtd:output.obj
 0001:0000fe90       _write_multi_char          00410e90 f   libcmtd:output.obj
 0001:0000fed0       _write_string              00410ed0 f   libcmtd:output.obj
 0001:0000ff20       _get_int_arg               00410f20 f   libcmtd:output.obj
 0001:0000ff40       _get_int64_arg             00410f40 f   libcmtd:output.obj
 0001:0000ff60       _get_short_arg             00410f60 f   libcmtd:output.obj
 0001:0000e9c0       __cftoe2                   0040f9c0 f   libcmtd:cvt.obj
 0001:0000eba0       __cftof2                   0040fba0 f   libcmtd:cvt.obj
 0001:0000ee30       __shift                    0040fe30 f   libcmtd:cvt.obj
 0001:0000e64a       lupe                       0040f64a f   libcmtd:strrev.obj
 0001:0000e65a       done                       0040f65a f   libcmtd:strrev.obj
 0001:0000e604       listnext                   0040f604 f   libcmtd:strpbrk.obj
 0001:0000e611       listdone                   0040f611 f   libcmtd:strpbrk.obj
 0001:0000e614       dstnext                    0040f614 f   libcmtd:strpbrk.obj
 0001:0000e624       dstdone                    0040f624 f   libcmtd:strpbrk.obj
 0001:0000e500       _strncnt                   0040f500 f   libcmtd:a_cmp.obj
 0001:0000e04c       chk_null                   0040f04c f   libcmtd:stricmp.obj
 0001:0000e07e       done                       0040f07e f   libcmtd:stricmp.obj
 0001:0000e083       notclocale                 0040f083 f   libcmtd:stricmp.obj
 0001:0000e097       do_lock                    0040f097 f   libcmtd:stricmp.obj
 0001:0000e0ac       end_lock                   0040f0ac f   libcmtd:stricmp.obj
 0001:0000e0b4       chk_null2                  0040f0b4 f   libcmtd:stricmp.obj
 0001:0000e0df       done2                      0040f0df f   libcmtd:stricmp.obj
 0001:0000e0ef       do_unlock                  0040f0ef f   libcmtd:stricmp.obj
 0001:0000e0f9       end_unlock                 0040f0f9 f   libcmtd:stricmp.obj
 0001:0000e0fb       doret                      0040f0fb f   libcmtd:stricmp.obj
 0001:0000dfe0       _strncnt                   0040efe0 f   libcmtd:a_map.obj
 0001:0000b9fd       dest_misaligned            0040c9fd f   libcmtd:strcat.obj
 0001:0000ba0c       find_end_of_dest_string_loop 0040ca0c f   libcmtd:strcat.obj
 0001:0000ba3f       start_byte_3               0040ca3f f   libcmtd:strcat.obj
 0001:0000ba44       start_byte_2               0040ca44 f   libcmtd:strcat.obj
 0001:0000ba49       start_byte_1               0040ca49 f   libcmtd:strcat.obj
 0001:0000ba4e       start_byte_0               0040ca4e f   libcmtd:strcat.obj
 0001:0000ba5d       src_misaligned             0040ca5d f   libcmtd:strcat.obj
 0001:0000ba71       main_loop                  0040ca71 f   libcmtd:strcat.obj
 0001:0000ba76       main_loop_entrance         0040ca76 f   libcmtd:strcat.obj
 0001:0000baaa       byte_3                     0040caaa f   libcmtd:strcat.obj
 0001:0000bab2       byte_2                     0040cab2 f   libcmtd:strcat.obj
 0001:0000babf       byte_1                     0040cabf f   libcmtd:strcat.obj
 0001:0000bac8       byte_0                     0040cac8 f   libcmtd:strcat.obj
 0001:0000ba51       copy_start                 0040ca51 f   libcmtd:strcat.obj
 0001:0000b910       _$$$00001                  0040c910 f   libcmtd:strchr.obj
 0001:0000b938       str_misaligned             0040c938 f   libcmtd:strchr.obj
 0001:0000b94b       main_loop_start            0040c94b f   libcmtd:strchr.obj
 0001:0000b956       main_loop                  0040c956 f   libcmtd:strchr.obj
 0001:0000b992       retnull                    0040c992 f   libcmtd:strchr.obj
 0001:0000b994       retnull_bx                 0040c994 f   libcmtd:strchr.obj
 0001:0000b998       chr_is_found               0040c998 f   libcmtd:strchr.obj
 0001:0000b9c0       byte_3                     0040c9c0 f   libcmtd:strchr.obj
 0001:0000b9c7       byte_2                     0040c9c7 f   libcmtd:strchr.obj
 0001:0000b9ce       byte_1                     0040c9ce f   libcmtd:strchr.obj
 0001:0000b9d5       byte_0                     0040c9d5 f   libcmtd:strchr.obj
 0001:0000b910       found_bx                   0040c910 f   libcmtd:strchr.obj
 0001:0000b890       dodwords                   0040c890 f   libcmtd:strcmp.obj
 0001:0000b8c0       doneeq                     0040c8c0 f   libcmtd:strcmp.obj
 0001:0000b8c4       donene                     0040c8c4 f   libcmtd:strcmp.obj
 0001:0000b8cc       dopartial                  0040c8cc f   libcmtd:strcmp.obj
 0001:0000b8e8       doword                     0040c8e8 f   libcmtd:strcmp.obj
 0001:0000a8e0       _parse_cmdline             0040b8e0 f   libcmtd:stdargv.obj
 0001:0000a590       _xcptlookup                0040b590 f   libcmtd:winxfltr.obj
 0001:00009420       ?FindHandler@@YAXPAUEHExceptionRecord@@PAUEHRegistrationNode@@PAU_CONTEXT@@PAXPBU_s_FuncInfo@@EH1@Z 0040a420 f   libcmtd:frame.obj
 0001:000096c0       ?FindHandlerForForeignException@@YAXPAUEHExceptionRecord@@PAUEHRegistrationNode@@PAU_CONTEXT@@PAXPBU_s_FuncInfo@@HH1@Z 0040a6c0 f   libcmtd:frame.obj
 0001:000097e0       ?TypeMatch@@YAHPBU_s_HandlerType@@PBU_s_CatchableType@@PBU_s_ThrowInfo@@@Z 0040a7e0 f   libcmtd:frame.obj
 0001:000099a0       ?FrameUnwindFilter@@YAHPAU_EXCEPTION_POINTERS@@@Z 0040a9a0 f   libcmtd:frame.obj
 0001:000099d0       ?CatchIt@@YAXPAUEHExceptionRecord@@PAUEHRegistrationNode@@PAU_CONTEXT@@PAXPBU_s_FuncInfo@@PBU_s_HandlerType@@PBU_s_CatchableType@@PBU_s_TryBlockMapEntry@@H1E@Z 0040a9d0 f   libcmtd:frame.obj
 0001:00009a90       ?CallCatchBlock@@YAPAXPAUEHExceptionRecord@@PAUEHRegistrationNode@@PAU_CONTEXT@@PBU_s_FuncInfo@@PAXHK@Z 0040aa90 f   libcmtd:frame.obj
 0001:00009be0       ?ExFilterRethrow@@YAHPAU_EXCEPTION_POINTERS@@@Z 0040abe0 f   libcmtd:frame.obj
 0001:00009c30       ?BuildCatchObject@@YAXPAUEHExceptionRecord@@PAUEHRegistrationNode@@PBU_s_HandlerType@@PBU_s_CatchableType@@@Z 0040ac30 f   libcmtd:frame.obj
 0001:00009f40       ?AdjustPointer@@YAPAXPAXABUPMD@@@Z 0040af40 f   libcmtd:frame.obj
 0001:00008fd0       _strtoxl                   00409fd0 f   libcmtd:strtol.obj
 0001:00008a5c       str_misaligned             00409a5c f   libcmtd:strlen.obj
 0001:00008a70       main_loop                  00409a70 f   libcmtd:strlen.obj
 0001:00008aa3       byte_3                     00409aa3 f   libcmtd:strlen.obj
 0001:00008aad       byte_2                     00409aad f   libcmtd:strlen.obj
 0001:00008ab7       byte_1                     00409ab7 f   libcmtd:strlen.obj
 0001:00008ac1       byte_0                     00409ac1 f   libcmtd:strlen.obj
 0001:00008290       LeadUp1                    00409290 f   libcmtd:memmove.obj
 0001:000082bc       LeadUp2                    004092bc f   libcmtd:memmove.obj
 0001:000082e0       LeadUp3                    004092e0 f   libcmtd:memmove.obj
 0001:0000835f       UnwindUp0                  0040935f f   libcmtd:memmove.obj
 0001:0000834c       UnwindUp1                  0040934c f   libcmtd:memmove.obj
 0001:00008344       UnwindUp2                  00409344 f   libcmtd:memmove.obj
 0001:0000833c       UnwindUp3                  0040933c f   libcmtd:memmove.obj
 0001:00008334       UnwindUp4                  00409334 f   libcmtd:memmove.obj
 0001:0000832c       UnwindUp5                  0040932c f   libcmtd:memmove.obj
 0001:00008324       UnwindUp6                  00409324 f   libcmtd:memmove.obj
 0001:0000831c       UnwindUp7                  0040931c f   libcmtd:memmove.obj
 0001:00008378       TrailUp0                   00409378 f   libcmtd:memmove.obj
 0001:00008380       TrailUp1                   00409380 f   libcmtd:memmove.obj
 0001:0000838c       TrailUp2                   0040938c f   libcmtd:memmove.obj
 0001:000083a0       TrailUp3                   004093a0 f   libcmtd:memmove.obj
 0001:00008418       LeadDown1                  00409418 f   libcmtd:memmove.obj
 0001:00008438       LeadDown2                  00409438 f   libcmtd:memmove.obj
 0001:00008460       LeadDown3                  00409460 f   libcmtd:memmove.obj
 0001:000084b4       UnwindDown7                004094b4 f   libcmtd:memmove.obj
 0001:000084bc       UnwindDown6                004094bc f   libcmtd:memmove.obj
 0001:000084c4       UnwindDown5                004094c4 f   libcmtd:memmove.obj
 0001:000084cc       UnwindDown4                004094cc f   libcmtd:memmove.obj
 0001:000084d4       UnwindDown3                004094d4 f   libcmtd:memmove.obj
 0001:000084dc       UnwindDown2                004094dc f   libcmtd:memmove.obj
 0001:000084e4       UnwindDown1                004094e4 f   libcmtd:memmove.obj
 0001:000084f7       UnwindDown0                004094f7 f   libcmtd:memmove.obj
 0001:00008510       TrailDown0                 00409510 f   libcmtd:memmove.obj
 0001:00008518       TrailDown1                 00409518 f   libcmtd:memmove.obj
 0001:00008528       TrailDown2                 00409528 f   libcmtd:memmove.obj
 0001:0000853c       TrailDown3                 0040953c f   libcmtd:memmove.obj
 0001:00008240       CopyUp                     00409240 f   libcmtd:memmove.obj
 0001:0000825c       CopyLeadUp                 0040925c f   libcmtd:memmove.obj
 0001:00008274       ByteCopyUp                 00409274 f   libcmtd:memmove.obj
 0001:0000827c       CopyUnwindUp               0040927c f   libcmtd:memmove.obj
 0001:000083b8       CopyDown                   004093b8 f   libcmtd:memmove.obj
 0001:000083e0       CopyUnwindDown             004093e0 f   libcmtd:memmove.obj
 0001:000083ec       CopyLeadDown               004093ec f   libcmtd:memmove.obj
 0001:00008404       ByteCopyDown               00409404 f   libcmtd:memmove.obj
 0001:00007530       __expandtime               00408530 f   libcmtd:strftime.obj
 0001:00007b50       __store_str                00408b50 f   libcmtd:strftime.obj
 0001:00007ba0       __store_num                00408ba0 f   libcmtd:strftime.obj
 0001:00007c50       __store_number             00408c50 f   libcmtd:strftime.obj
 0001:00007d00       __store_winword            00408d00 f   libcmtd:strftime.obj
 0001:00006480       __make_time_t              00407480 f   libcmtd:mktime.obj
 0001:00005d00       _getSystemCP               00406d00 f   libcmtd:mbctype.obj
 0001:00005d60       _CPtoLCID                  00406d60 f   libcmtd:mbctype.obj
 0001:00005de0       _setSBCS                   00406de0 f   libcmtd:mbctype.obj
 0001:00005e60       _setSBUpLow                00406e60 f   libcmtd:mbctype.obj
 0001:00005950       ?ArrayUnwindFilter@@YAHPAU_EXCEPTION_POINTERS@@@Z 00406950 f   libcmtd:ehvecdtr.obj
 0001:00005750       _$$$00001                  00406750 f   libcmtd:chkstk.obj
 0001:0000575c       probepages                 0040675c f   libcmtd:chkstk.obj
 0001:00005770       lastpage                   00406770 f   libcmtd:chkstk.obj
 0001:000051f0       _CrtMessageWindow          004061f0 f   libcmtd:dbgrpt.obj
 0001:00004470       LeadUp1                    00405470 f   libcmtd:memcpy.obj
 0001:0000449c       LeadUp2                    0040549c f   libcmtd:memcpy.obj
 0001:000044c0       LeadUp3                    004054c0 f   libcmtd:memcpy.obj
 0001:0000453f       UnwindUp0                  0040553f f   libcmtd:memcpy.obj
 0001:0000452c       UnwindUp1                  0040552c f   libcmtd:memcpy.obj
 0001:00004524       UnwindUp2                  00405524 f   libcmtd:memcpy.obj
 0001:0000451c       UnwindUp3                  0040551c f   libcmtd:memcpy.obj
 0001:00004514       UnwindUp4                  00405514 f   libcmtd:memcpy.obj
 0001:0000450c       UnwindUp5                  0040550c f   libcmtd:memcpy.obj
 0001:00004504       UnwindUp6                  00405504 f   libcmtd:memcpy.obj
 0001:000044fc       UnwindUp7                  004054fc f   libcmtd:memcpy.obj
 0001:00004558       TrailUp0                   00405558 f   libcmtd:memcpy.obj
 0001:00004560       TrailUp1                   00405560 f   libcmtd:memcpy.obj
 0001:0000456c       TrailUp2                   0040556c f   libcmtd:memcpy.obj
 0001:00004580       TrailUp3                   00405580 f   libcmtd:memcpy.obj
 0001:000045f8       LeadDown1                  004055f8 f   libcmtd:memcpy.obj
 0001:00004618       LeadDown2                  00405618 f   libcmtd:memcpy.obj
 0001:00004640       LeadDown3                  00405640 f   libcmtd:memcpy.obj
 0001:00004694       UnwindDown7                00405694 f   libcmtd:memcpy.obj
 0001:0000469c       UnwindDown6                0040569c f   libcmtd:memcpy.obj
 0001:000046a4       UnwindDown5                004056a4 f   libcmtd:memcpy.obj
 0001:000046ac       UnwindDown4                004056ac f   libcmtd:memcpy.obj
 0001:000046b4       UnwindDown3                004056b4 f   libcmtd:memcpy.obj
 0001:000046bc       UnwindDown2                004056bc f   libcmtd:memcpy.obj
 0001:000046c4       UnwindDown1                004056c4 f   libcmtd:memcpy.obj
 0001:000046d7       UnwindDown0                004056d7 f   libcmtd:memcpy.obj
 0001:000046f0       TrailDown0                 004056f0 f   libcmtd:memcpy.obj
 0001:000046f8       TrailDown1                 004056f8 f   libcmtd:memcpy.obj
 0001:00004708       TrailDown2                 00405708 f   libcmtd:memcpy.obj
 0001:0000471c       TrailDown3                 0040571c f   libcmtd:memcpy.obj
 0001:00004420       CopyUp                     00405420 f   libcmtd:memcpy.obj
 0001:0000443c       CopyLeadUp                 0040543c f   libcmtd:memcpy.obj
 0001:00004454       ByteCopyUp                 00405454 f   libcmtd:memcpy.obj
 0001:0000445c       CopyUnwindUp               0040545c f   libcmtd:memcpy.obj
 0001:00004598       CopyDown                   00405598 f   libcmtd:memcpy.obj
 0001:000045c0       CopyUnwindDown             004055c0 f   libcmtd:memcpy.obj
 0001:000045cc       CopyLeadDown               004055cc f   libcmtd:memcpy.obj
 0001:000045e4       ByteCopyDown               004055e4 f   libcmtd:memcpy.obj
 0001:00003e6d       main_loop                  00404e6d f   libcmtd:memcmp.obj
 0001:00003e8a       done                       00404e8a f   libcmtd:memcmp.obj
 0001:00003e8c       retnull                    00404e8c f   libcmtd:memcmp.obj
 0001:00003e8d       dwords                     00404e8d f   libcmtd:memcmp.obj
 0001:00003eb5       difference_in_tail         00404eb5 f   libcmtd:memcmp.obj
 0001:00003eba       not_equal                  00404eba f   libcmtd:memcmp.obj
 0001:00003ec2       tail_loop_start            00404ec2 f   libcmtd:memcmp.obj
 0001:00003ee9       tail_done                  00404ee9 f   libcmtd:memcmp.obj
 0001:00003d20       __threadstartex@4          00404d20 f   libcmtd:threadex.obj
 0001:000021c0       _realloc_help              004031c0 f   libcmtd:dbgheap.obj
 0001:00002e00       _CheckBytes                00403e00 f   libcmtd:dbgheap.obj
 0001:000039f0       __printMemBlockData        004049f0 f   libcmtd:dbgheap.obj
 0001:00001b90       _doexit                    00402b90 f   libcmtd:crt0dat.obj
 0001:00001ca0       __initterm                 00402ca0 f   libcmtd:crt0dat.obj
 0001:00001953       adjust_loop                00402953 f   libcmtd:memset.obj
 0001:00001959       dwords                     00402959 f   libcmtd:memset.obj
 0001:00001973       main_loop_tail             00402973 f   libcmtd:memset.obj
 0001:00001977       tail                       00402977 f   libcmtd:memset.obj
 0001:0000197d       finish                     0040297d f   libcmtd:memset.obj
 0001:00001983       toend                      00402983 f   libcmtd:memset.obj
 0001:000017b0       _fast_error_exit           004027b0 f   libcmtd:wincrt0.obj
 0001:00001538       _gu_return                 00402538 f   libcmtd:exsup.obj
 0001:00001540       __unwind_handler           00402540 f   libcmtd:exsup.obj
 0001:000012f0       ?CatchGuardHandler@@YA?AW4_EXCEPTION_DISPOSITION@@PAUEHExceptionRecord@@PAUCatchGuardRN@@PAX2@Z 004022f0 f   libcmtd:trnsctrl.obj
 0001:00001400       ?TranslatorGuardHandler@@YA?AW4_EXCEPTION_DISPOSITION@@PAUEHExceptionRecord@@PAUTranslatorGuardRN@@PAX2@Z 00402400 f   libcmtd:trnsctrl.obj
